17:56:42 **** Build of configuration Debug for project projekat ****
make -j12 all 
arm-none-eabi-gcc "../Drivers/STM32F1xx_HAL_Driver/Src/stm32f1xx_hal.c" -mcpu=cortex-m3 -std=gnu11 -g3 -DDEBUG -DUSE_HAL_DRIVER -DSTM32F103x6 -c -I../Core/Inc -I../Drivers/STM32F1xx_HAL_Driver/Inc/Legacy -I../Drivers/STM32F1xx_HAL_Driver/Inc -I../Drivers/CMSIS/Device/ST/STM32F1xx/Include -I../Drivers/CMSIS/Include -O0 -ffunction-sections -fdata-sections -Wall -fstack-usage -MMD -MP -MF"Drivers/STM32F1xx_HAL_Driver/Src/stm32f1xx_hal.d" -MT"Drivers/STM32F1xx_HAL_Driver/Src/stm32f1xx_hal.o" --specs=nano.specs -mfloat-abi=soft -mthumb -o "Drivers/STM32F1xx_HAL_Driver/Src/stm32f1xx_hal.o"
arm-none-eabi-gcc "../Drivers/STM32F1xx_HAL_Driver/Src/stm32f1xx_hal_cortex.c" -mcpu=cortex-m3 -std=gnu11 -g3 -DDEBUG -DUSE_HAL_DRIVER -DSTM32F103x6 -c -I../Core/Inc -I../Drivers/STM32F1xx_HAL_Driver/Inc/Legacy -I../Drivers/STM32F1xx_HAL_Driver/Inc -I../Drivers/CMSIS/Device/ST/STM32F1xx/Include -I../Drivers/CMSIS/Include -O0 -ffunction-sections -fdata-sections -Wall -fstack-usage -MMD -MP -MF"Drivers/STM32F1xx_HAL_Driver/Src/stm32f1xx_hal_cortex.d" -MT"Drivers/STM32F1xx_HAL_Driver/Src/stm32f1xx_hal_cortex.o" --specs=nano.specs -mfloat-abi=soft -mthumb -o "Drivers/STM32F1xx_HAL_Driver/Src/stm32f1xx_hal_cortex.o"
arm-none-eabi-gcc "../Drivers/STM32F1xx_HAL_Driver/Src/stm32f1xx_hal_dma.c" -mcpu=cortex-m3 -std=gnu11 -g3 -DDEBUG -DUSE_HAL_DRIVER -DSTM32F103x6 -c -I../Core/Inc -I../Drivers/STM32F1xx_HAL_Driver/Inc/Legacy -I../Drivers/STM32F1xx_HAL_Driver/Inc -I../Drivers/CMSIS/Device/ST/STM32F1xx/Include -I../Drivers/CMSIS/Include -O0 -ffunction-sections -fdata-sections -Wall -fstack-usage -MMD -MP -MF"Drivers/STM32F1xx_HAL_Driver/Src/stm32f1xx_hal_dma.d" -MT"Drivers/STM32F1xx_HAL_Driver/Src/stm32f1xx_hal_dma.o" --specs=nano.specs -mfloat-abi=soft -mthumb -o "Drivers/STM32F1xx_HAL_Driver/Src/stm32f1xx_hal_dma.o"
arm-none-eabi-gcc "../Drivers/STM32F1xx_HAL_Driver/Src/stm32f1xx_hal_exti.c" -mcpu=cortex-m3 -std=gnu11 -g3 -DDEBUG -DUSE_HAL_DRIVER -DSTM32F103x6 -c -I../Core/Inc -I../Drivers/STM32F1xx_HAL_Driver/Inc/Legacy -I../Drivers/STM32F1xx_HAL_Driver/Inc -I../Drivers/CMSIS/Device/ST/STM32F1xx/Include -I../Drivers/CMSIS/Include -O0 -ffunction-sections -fdata-sections -Wall -fstack-usage -MMD -MP -MF"Drivers/STM32F1xx_HAL_Driver/Src/stm32f1xx_hal_exti.d" -MT"Drivers/STM32F1xx_HAL_Driver/Src/stm32f1xx_hal_exti.o" --specs=nano.specs -mfloat-abi=soft -mthumb -o "Drivers/STM32F1xx_HAL_Driver/Src/stm32f1xx_hal_exti.o"
arm-none-eabi-gcc "../Drivers/STM32F1xx_HAL_Driver/Src/stm32f1xx_hal_flash.c" -mcpu=cortex-m3 -std=gnu11 -g3 -DDEBUG -DUSE_HAL_DRIVER -DSTM32F103x6 -c -I../Core/Inc -I../Drivers/STM32F1xx_HAL_Driver/Inc/Legacy -I../Drivers/STM32F1xx_HAL_Driver/Inc -I../Drivers/CMSIS/Device/ST/STM32F1xx/Include -I../Drivers/CMSIS/Include -O0 -ffunction-sections -fdata-sections -Wall -fstack-usage -MMD -MP -MF"Drivers/STM32F1xx_HAL_Driver/Src/stm32f1xx_hal_flash.d" -MT"Drivers/STM32F1xx_HAL_Driver/Src/stm32f1xx_hal_flash.o" --specs=nano.specs -mfloat-abi=soft -mthumb -o "Drivers/STM32F1xx_HAL_Driver/Src/stm32f1xx_hal_flash.o"
arm-none-eabi-gcc "../Drivers/STM32F1xx_HAL_Driver/Src/stm32f1xx_hal_flash_ex.c" -mcpu=cortex-m3 -std=gnu11 -g3 -DDEBUG -DUSE_HAL_DRIVER -DSTM32F103x6 -c -I../Core/Inc -I../Drivers/STM32F1xx_HAL_Driver/Inc/Legacy -I../Drivers/STM32F1xx_HAL_Driver/Inc -I../Drivers/CMSIS/Device/ST/STM32F1xx/Include -I../Drivers/CMSIS/Include -O0 -ffunction-sections -fdata-sections -Wall -fstack-usage -MMD -MP -MF"Drivers/STM32F1xx_HAL_Driver/Src/stm32f1xx_hal_flash_ex.d" -MT"Drivers/STM32F1xx_HAL_Driver/Src/stm32f1xx_hal_flash_ex.o" --specs=nano.specs -mfloat-abi=soft -mthumb -o "Drivers/STM32F1xx_HAL_Driver/Src/stm32f1xx_hal_flash_ex.o"
arm-none-eabi-gcc "../Drivers/STM32F1xx_HAL_Driver/Src/stm32f1xx_hal_gpio.c" -mcpu=cortex-m3 -std=gnu11 -g3 -DDEBUG -DUSE_HAL_DRIVER -DSTM32F103x6 -c -I../Core/Inc -I../Drivers/STM32F1xx_HAL_Driver/Inc/Legacy -I../Drivers/STM32F1xx_HAL_Driver/Inc -I../Drivers/CMSIS/Device/ST/STM32F1xx/Include -I../Drivers/CMSIS/Include -O0 -ffunction-sections -fdata-sections -Wall -fstack-usage -MMD -MP -MF"Drivers/STM32F1xx_HAL_Driver/Src/stm32f1xx_hal_gpio.d" -MT"Drivers/STM32F1xx_HAL_Driver/Src/stm32f1xx_hal_gpio.o" --specs=nano.specs -mfloat-abi=soft -mthumb -o "Drivers/STM32F1xx_HAL_Driver/Src/stm32f1xx_hal_gpio.o"
arm-none-eabi-gcc "../Drivers/STM32F1xx_HAL_Driver/Src/stm32f1xx_hal_gpio_ex.c" -mcpu=cortex-m3 -std=gnu11 -g3 -DDEBUG -DUSE_HAL_DRIVER -DSTM32F103x6 -c -I../Core/Inc -I../Drivers/STM32F1xx_HAL_Driver/Inc/Legacy -I../Drivers/STM32F1xx_HAL_Driver/Inc -I../Drivers/CMSIS/Device/ST/STM32F1xx/Include -I../Drivers/CMSIS/Include -O0 -ffunction-sections -fdata-sections -Wall -fstack-usage -MMD -MP -MF"Drivers/STM32F1xx_HAL_Driver/Src/stm32f1xx_hal_gpio_ex.d" -MT"Drivers/STM32F1xx_HAL_Driver/Src/stm32f1xx_hal_gpio_ex.o" --specs=nano.specs -mfloat-abi=soft -mthumb -o "Drivers/STM32F1xx_HAL_Driver/Src/stm32f1xx_hal_gpio_ex.o"
arm-none-eabi-gcc "../Drivers/STM32F1xx_HAL_Driver/Src/stm32f1xx_hal_pwr.c" -mcpu=cortex-m3 -std=gnu11 -g3 -DDEBUG -DUSE_HAL_DRIVER -DSTM32F103x6 -c -I../Core/Inc -I../Drivers/STM32F1xx_HAL_Driver/Inc/Legacy -I../Drivers/STM32F1xx_HAL_Driver/Inc -I../Drivers/CMSIS/Device/ST/STM32F1xx/Include -I../Drivers/CMSIS/Include -O0 -ffunction-sections -fdata-sections -Wall -fstack-usage -MMD -MP -MF"Drivers/STM32F1xx_HAL_Driver/Src/stm32f1xx_hal_pwr.d" -MT"Drivers/STM32F1xx_HAL_Driver/Src/stm32f1xx_hal_pwr.o" --specs=nano.specs -mfloat-abi=soft -mthumb -o "Drivers/STM32F1xx_HAL_Driver/Src/stm32f1xx_hal_pwr.o"
arm-none-eabi-gcc "../Drivers/STM32F1xx_HAL_Driver/Src/stm32f1xx_hal_rcc.c" -mcpu=cortex-m3 -std=gnu11 -g3 -DDEBUG -DUSE_HAL_DRIVER -DSTM32F103x6 -c -I../Core/Inc -I../Drivers/STM32F1xx_HAL_Driver/Inc/Legacy -I../Drivers/STM32F1xx_HAL_Driver/Inc -I../Drivers/CMSIS/Device/ST/STM32F1xx/Include -I../Drivers/CMSIS/Include -O0 -ffunction-sections -fdata-sections -Wall -fstack-usage -MMD -MP -MF"Drivers/STM32F1xx_HAL_Driver/Src/stm32f1xx_hal_rcc.d" -MT"Drivers/STM32F1xx_HAL_Driver/Src/stm32f1xx_hal_rcc.o" --specs=nano.specs -mfloat-abi=soft -mthumb -o "Drivers/STM32F1xx_HAL_Driver/Src/stm32f1xx_hal_rcc.o"
arm-none-eabi-gcc "../Drivers/STM32F1xx_HAL_Driver/Src/stm32f1xx_hal_rcc_ex.c" -mcpu=cortex-m3 -std=gnu11 -g3 -DDEBUG -DUSE_HAL_DRIVER -DSTM32F103x6 -c -I../Core/Inc -I../Drivers/STM32F1xx_HAL_Driver/Inc/Legacy -I../Drivers/STM32F1xx_HAL_Driver/Inc -I../Drivers/CMSIS/Device/ST/STM32F1xx/Include -I../Drivers/CMSIS/Include -O0 -ffunction-sections -fdata-sections -Wall -fstack-usage -MMD -MP -MF"Drivers/STM32F1xx_HAL_Driver/Src/stm32f1xx_hal_rcc_ex.d" -MT"Drivers/STM32F1xx_HAL_Driver/Src/stm32f1xx_hal_rcc_ex.o" --specs=nano.specs -mfloat-abi=soft -mthumb -o "Drivers/STM32F1xx_HAL_Driver/Src/stm32f1xx_hal_rcc_ex.o"
arm-none-eabi-gcc -mcpu=cortex-m3 -g3 -DDEBUG -c -x assembler-with-cpp -MMD -MP -MF"Core/Startup/startup_stm32f103c6tx.d" -MT"Core/Startup/startup_stm32f103c6tx.o" --specs=nano.specs -mfloat-abi=soft -mthumb -o "Core/Startup/startup_stm32f103c6tx.o" "../Core/Startup/startup_stm32f103c6tx.s"
arm-none-eabi-gcc "../Core/Src/main.c" -mcpu=cortex-m3 -std=gnu11 -g3 -DDEBUG -DUSE_HAL_DRIVER -DSTM32F103x6 -c -I../Core/Inc -I../Drivers/STM32F1xx_HAL_Driver/Inc/Legacy -I../Drivers/STM32F1xx_HAL_Driver/Inc -I../Drivers/CMSIS/Device/ST/STM32F1xx/Include -I../Drivers/CMSIS/Include -O0 -ffunction-sections -fdata-sections -Wall -fstack-usage -MMD -MP -MF"Core/Src/main.d" -MT"Core/Src/main.o" --specs=nano.specs -mfloat-abi=soft -mthumb -o "Core/Src/main.o"
../Core/Src/main.c: In function 'main':
../Core/Src/main.c:95:3: warning: implicit declaration of function 'LCD_init' [-Wimplicit-function-declaration]
   95 |   LCD_init();
      |   ^~~~~~~~
../Core/Src/main.c:100:4: warning: implicit declaration of function 'LCD' [-Wimplicit-function-declaration]
  100 |    LCD(0x01, 0); /* cistimo ekran */
      |    ^~~
../Core/Src/main.c: At top level:
../Core/Src/main.c:117:6: warning: conflicting types for 'LCD_init'
  117 | void LCD_init()
      |      ^~~~~~~~
../Core/Src/main.c:95:3: note: previous implicit declaration of 'LCD_init' was here
   95 |   LCD_init();
      |   ^~~~~~~~
../Core/Src/main.c:126:6: warning: conflicting types for 'LCD'
  126 | void LCD(uint8_t val_1, uint8_t cmd)
      |      ^~~
../Core/Src/main.c:100:4: note: previous implicit declaration of 'LCD' was here
  100 |    LCD(0x01, 0); /* cistimo ekran */
      |    ^~~
arm-none-eabi-gcc "../Core/Src/stm32f1xx_hal_msp.c" -mcpu=cortex-m3 -std=gnu11 -g3 -DDEBUG -DUSE_HAL_DRIVER -DSTM32F103x6 -c -I../Core/Inc -I../Drivers/STM32F1xx_HAL_Driver/Inc/Legacy -I../Drivers/STM32F1xx_HAL_Driver/Inc -I../Drivers/CMSIS/Device/ST/STM32F1xx/Include -I../Drivers/CMSIS/Include -O0 -ffunction-sections -fdata-sections -Wall -fstack-usage -MMD -MP -MF"Core/Src/stm32f1xx_hal_msp.d" -MT"Core/Src/stm32f1xx_hal_msp.o" --specs=nano.specs -mfloat-abi=soft -mthumb -o "Core/Src/stm32f1xx_hal_msp.o"
arm-none-eabi-gcc "../Core/Src/stm32f1xx_it.c" -mcpu=cortex-m3 -std=gnu11 -g3 -DDEBUG -DUSE_HAL_DRIVER -DSTM32F103x6 -c -I../Core/Inc -I../Drivers/STM32F1xx_HAL_Driver/Inc/Legacy -I../Drivers/STM32F1xx_HAL_Driver/Inc -I../Drivers/CMSIS/Device/ST/STM32F1xx/Include -I../Drivers/CMSIS/Include -O0 -ffunction-sections -fdata-sections -Wall -fstack-usage -MMD -MP -MF"Core/Src/stm32f1xx_it.d" -MT"Core/Src/stm32f1xx_it.o" --specs=nano.specs -mfloat-abi=soft -mthumb -o "Core/Src/stm32f1xx_it.o"
arm-none-eabi-gcc "../Core/Src/syscalls.c" -mcpu=cortex-m3 -std=gnu11 -g3 -DDEBUG -DUSE_HAL_DRIVER -DSTM32F103x6 -c -I../Core/Inc -I../Drivers/STM32F1xx_HAL_Driver/Inc/Legacy -I../Drivers/STM32F1xx_HAL_Driver/Inc -I../Drivers/CMSIS/Device/ST/STM32F1xx/Include -I../Drivers/CMSIS/Include -O0 -ffunction-sections -fdata-sections -Wall -fstack-usage -MMD -MP -MF"Core/Src/syscalls.d" -MT"Core/Src/syscalls.o" --specs=nano.specs -mfloat-abi=soft -mthumb -o "Core/Src/syscalls.o"
arm-none-eabi-gcc "../Core/Src/sysmem.c" -mcpu=cortex-m3 -std=gnu11 -g3 -DDEBUG -DUSE_HAL_DRIVER -DSTM32F103x6 -c -I../Core/Inc -I../Drivers/STM32F1xx_HAL_Driver/Inc/Legacy -I../Drivers/STM32F1xx_HAL_Driver/Inc -I../Drivers/CMSIS/Device/ST/STM32F1xx/Include -I../Drivers/CMSIS/Include -O0 -ffunction-sections -fdata-sections -Wall -fstack-usage -MMD -MP -MF"Core/Src/sysmem.d" -MT"Core/Src/sysmem.o" --specs=nano.specs -mfloat-abi=soft -mthumb -o "Core/Src/sysmem.o"
arm-none-eabi-gcc "../Core/Src/system_stm32f1xx.c" -mcpu=cortex-m3 -std=gnu11 -g3 -DDEBUG -DUSE_HAL_DRIVER -DSTM32F103x6 -c -I../Core/Inc -I../Drivers/STM32F1xx_HAL_Driver/Inc/Legacy -I../Drivers/STM32F1xx_HAL_Driver/Inc -I../Drivers/CMSIS/Device/ST/STM32F1xx/Include -I../Drivers/CMSIS/Include -O0 -ffunction-sections -fdata-sections -Wall -fstack-usage -MMD -MP -MF"Core/Src/system_stm32f1xx.d" -MT"Core/Src/system_stm32f1xx.o" --specs=nano.specs -mfloat-abi=soft -mthumb -o "Core/Src/system_stm32f1xx.o"
arm-none-eabi-gcc -o "projekat.elf" @"objects.list"   -mcpu=cortex-m3 -T"C:\Users\Luka\Desktop\Projekat za ispit\projekat\STM32F103C6TX_FLASH.ld" --specs=nosys.specs -Wl,-Map="projekat.map" -Wl,--gc-sections -static --specs=nano.specs -mfloat-abi=soft -mthumb -Wl,--start-group -lc -lm -Wl,--end-group
Finished building target: projekat.elf
 
arm-none-eabi-size   projekat.elf 
arm-none-eabi-objdump -h -S  projekat.elf  > "projekat.list"
   text	   data	    bss	    dec	    hex	filename
   5028	     20	   1572	   6620	   19dc	projekat.elf
Finished building: default.size.stdout
 
Finished building: projekat.list
 
18:06:56 **** Incremental Build of configuration Debug for project projekat ****
make -j12 all 
arm-none-eabi-gcc -o "projekat.elf" @"objects.list"   -mcpu=cortex-m3 -T"C:\Users\Luka\Desktop\Projekat za ispit\projekat\STM32F103C6TX_FLASH.ld" --specs=nosys.specs -Wl,-Map="projekat.map" -Wl,--gc-sections -static --specs=nano.specs -mfloat-abi=soft -mthumb -Wl,--start-group -lc -lm -Wl,--end-group
Finished building target: projekat.elf
 
arm-none-eabi-size   projekat.elf 
arm-none-eabi-objdump -h -S  projekat.elf  > "projekat.list"
arm-none-eabi-objcopy  -O ihex  projekat.elf  "projekat.hex"
   text	   data	    bss	    dec	    hex	filename
   5028	     20	   1572	   6620	   19dc	projekat.elf
Finished building: default.size.stdout
 
Finished building: projekat.hex
 
Finished building: projekat.list
 
11:27:27 **** Clean-only build of configuration Debug for project LCDprimer2 ****
make -j12 clean 
rm -rf ./Drivers/STM32F1xx_HAL_Driver/Src/stm32f1xx_hal.d ./Drivers/STM32F1xx_HAL_Driver/Src/stm32f1xx_hal.o ./Drivers/STM32F1xx_HAL_Driver/Src/stm32f1xx_hal.su ./Drivers/STM32F1xx_HAL_Driver/Src/stm32f1xx_hal_adc.d ./Drivers/STM32F1xx_HAL_Driver/Src/stm32f1xx_hal_adc.o ./Drivers/STM32F1xx_HAL_Driver/Src/stm32f1xx_hal_adc.su ./Drivers/STM32F1xx_HAL_Driver/Src/stm32f1xx_hal_adc_ex.d ./Drivers/STM32F1xx_HAL_Driver/Src/stm32f1xx_hal_adc_ex.o ./Drivers/STM32F1xx_HAL_Driver/Src/stm32f1xx_hal_adc_ex.su ./Drivers/STM32F1xx_HAL_Driver/Src/stm32f1xx_hal_cortex.d ./Drivers/STM32F1xx_HAL_Driver/Src/stm32f1xx_hal_cortex.o ./Drivers/STM32F1xx_HAL_Driver/Src/stm32f1xx_hal_cortex.su ./Drivers/STM32F1xx_HAL_Driver/Src/stm32f1xx_hal_dma.d ./Drivers/STM32F1xx_HAL_Driver/Src/stm32f1xx_hal_dma.o ./Drivers/STM32F1xx_HAL_Driver/Src/stm32f1xx_hal_dma.su ./Drivers/STM32F1xx_HAL_Driver/Src/stm32f1xx_hal_exti.d ./Drivers/STM32F1xx_HAL_Driver/Src/stm32f1xx_hal_exti.o ./Drivers/STM32F1xx_HAL_Driver/Src/stm32f1xx_hal_exti.su ./Drivers/STM32F1xx_HAL_Driver/Src/stm32f1xx_hal_flash.d ./Drivers/STM32F1xx_HAL_Driver/Src/stm32f1xx_hal_flash.o ./Drivers/STM32F1xx_HAL_Driver/Src/stm32f1xx_hal_flash.su ./Drivers/STM32F1xx_HAL_Driver/Src/stm32f1xx_hal_flash_ex.d ./Drivers/STM32F1xx_HAL_Driver/Src/stm32f1xx_hal_flash_ex.o ./Drivers/STM32F1xx_HAL_Driver/Src/stm32f1xx_hal_flash_ex.su ./Drivers/STM32F1xx_HAL_Driver/Src/stm32f1xx_hal_gpio.d ./Drivers/STM32F1xx_HAL_Driver/Src/stm32f1xx_hal_gpio.o ./Drivers/STM32F1xx_HAL_Driver/Src/stm32f1xx_hal_gpio.su ./Drivers/STM32F1xx_HAL_Driver/Src/stm32f1xx_hal_gpio_ex.d ./Drivers/STM32F1xx_HAL_Driver/Src/stm32f1xx_hal_gpio_ex.o ./Drivers/STM32F1xx_HAL_Driver/Src/stm32f1xx_hal_gpio_ex.su ./Drivers/STM32F1xx_HAL_Driver/Src/stm32f1xx_hal_pwr.d ./Drivers/STM32F1xx_HAL_Driver/Src/stm32f1xx_hal_pwr.o ./Drivers/STM32F1xx_HAL_Driver/Src/stm32f1xx_hal_pwr.su ./Drivers/STM32F1xx_HAL_Driver/Src/stm32f1xx_hal_rcc.d ./Drivers/STM32F1xx_HAL_Driver/Src/stm32f1xx_hal_rcc.o ./Drivers/STM32F1xx_HAL_Driver/Src/stm32f1xx_hal_rcc.su ./Drivers/STM32F1xx_HAL_Driver/Src/stm32f1xx_hal_rcc_ex.d ./Drivers/STM32F1xx_HAL_Driver/Src/stm32f1xx_hal_rcc_ex.o ./Drivers/STM32F1xx_HAL_Driver/Src/stm32f1xx_hal_rcc_ex.su ./Drivers/STM32F1xx_HAL_Driver/Src/stm32f1xx_hal_tim.d ./Drivers/STM32F1xx_HAL_Driver/Src/stm32f1xx_hal_tim.o ./Drivers/STM32F1xx_HAL_Driver/Src/stm32f1xx_hal_tim.su ./Drivers/STM32F1xx_HAL_Driver/Src/stm32f1xx_hal_tim_ex.d ./Drivers/STM32F1xx_HAL_Driver/Src/stm32f1xx_hal_tim_ex.o ./Drivers/STM32F1xx_HAL_Driver/Src/stm32f1xx_hal_tim_ex.su
rm -rf ./Core/Startup/startup_stm32f103c6tx.d ./Core/Startup/startup_stm32f103c6tx.o
rm -rf ./Core/Src/main.d ./Core/Src/main.o ./Core/Src/main.su ./Core/Src/stm32f1xx_hal_msp.d ./Core/Src/stm32f1xx_hal_msp.o ./Core/Src/stm32f1xx_hal_msp.su ./Core/Src/stm32f1xx_it.d ./Core/Src/stm32f1xx_it.o ./Core/Src/stm32f1xx_it.su ./Core/Src/syscalls.d ./Core/Src/syscalls.o ./Core/Src/syscalls.su ./Core/Src/sysmem.d ./Core/Src/sysmem.o ./Core/Src/sysmem.su ./Core/Src/system_stm32f1xx.d ./Core/Src/system_stm32f1xx.o ./Core/Src/system_stm32f1xx.su
rm -rf LCDprimer2.elf LCDprimer2.hex LCDprimer2.list LCDprimer2.map default.size.stdout
 
11:27:27 **** Build of configuration Debug for project LCDprimer2 ****
make -j12 all 
arm-none-eabi-gcc "../Drivers/STM32F1xx_HAL_Driver/Src/stm32f1xx_hal.c" -mcpu=cortex-m3 -std=gnu11 -g3 -DUSE_HAL_DRIVER -DSTM32F103x6 -DDEBUG -c -I../Drivers/CMSIS/Device/ST/STM32F1xx/Include -I../Drivers/CMSIS/Include -I../Core/Inc -I../Drivers/STM32F1xx_HAL_Driver/Inc/Legacy -I../Drivers/STM32F1xx_HAL_Driver/Inc -O0 -ffunction-sections -fdata-sections -Wall -fstack-usage -MMD -MP -MF"Drivers/STM32F1xx_HAL_Driver/Src/stm32f1xx_hal.d" -MT"Drivers/STM32F1xx_HAL_Driver/Src/stm32f1xx_hal.o" --specs=nano.specs -mfloat-abi=soft -mthumb -o "Drivers/STM32F1xx_HAL_Driver/Src/stm32f1xx_hal.o"
arm-none-eabi-gcc "../Drivers/STM32F1xx_HAL_Driver/Src/stm32f1xx_hal_adc.c" -mcpu=cortex-m3 -std=gnu11 -g3 -DUSE_HAL_DRIVER -DSTM32F103x6 -DDEBUG -c -I../Drivers/CMSIS/Device/ST/STM32F1xx/Include -I../Drivers/CMSIS/Include -I../Core/Inc -I../Drivers/STM32F1xx_HAL_Driver/Inc/Legacy -I../Drivers/STM32F1xx_HAL_Driver/Inc -O0 -ffunction-sections -fdata-sections -Wall -fstack-usage -MMD -MP -MF"Drivers/STM32F1xx_HAL_Driver/Src/stm32f1xx_hal_adc.d" -MT"Drivers/STM32F1xx_HAL_Driver/Src/stm32f1xx_hal_adc.o" --specs=nano.specs -mfloat-abi=soft -mthumb -o "Drivers/STM32F1xx_HAL_Driver/Src/stm32f1xx_hal_adc.o"
arm-none-eabi-gcc "../Drivers/STM32F1xx_HAL_Driver/Src/stm32f1xx_hal_adc_ex.c" -mcpu=cortex-m3 -std=gnu11 -g3 -DUSE_HAL_DRIVER -DSTM32F103x6 -DDEBUG -c -I../Drivers/CMSIS/Device/ST/STM32F1xx/Include -I../Drivers/CMSIS/Include -I../Core/Inc -I../Drivers/STM32F1xx_HAL_Driver/Inc/Legacy -I../Drivers/STM32F1xx_HAL_Driver/Inc -O0 -ffunction-sections -fdata-sections -Wall -fstack-usage -MMD -MP -MF"Drivers/STM32F1xx_HAL_Driver/Src/stm32f1xx_hal_adc_ex.d" -MT"Drivers/STM32F1xx_HAL_Driver/Src/stm32f1xx_hal_adc_ex.o" --specs=nano.specs -mfloat-abi=soft -mthumb -o "Drivers/STM32F1xx_HAL_Driver/Src/stm32f1xx_hal_adc_ex.o"
arm-none-eabi-gcc "../Drivers/STM32F1xx_HAL_Driver/Src/stm32f1xx_hal_cortex.c" -mcpu=cortex-m3 -std=gnu11 -g3 -DUSE_HAL_DRIVER -DSTM32F103x6 -DDEBUG -c -I../Drivers/CMSIS/Device/ST/STM32F1xx/Include -I../Drivers/CMSIS/Include -I../Core/Inc -I../Drivers/STM32F1xx_HAL_Driver/Inc/Legacy -I../Drivers/STM32F1xx_HAL_Driver/Inc -O0 -ffunction-sections -fdata-sections -Wall -fstack-usage -MMD -MP -MF"Drivers/STM32F1xx_HAL_Driver/Src/stm32f1xx_hal_cortex.d" -MT"Drivers/STM32F1xx_HAL_Driver/Src/stm32f1xx_hal_cortex.o" --specs=nano.specs -mfloat-abi=soft -mthumb -o "Drivers/STM32F1xx_HAL_Driver/Src/stm32f1xx_hal_cortex.o"
arm-none-eabi-gcc "../Drivers/STM32F1xx_HAL_Driver/Src/stm32f1xx_hal_dma.c" -mcpu=cortex-m3 -std=gnu11 -g3 -DUSE_HAL_DRIVER -DSTM32F103x6 -DDEBUG -c -I../Drivers/CMSIS/Device/ST/STM32F1xx/Include -I../Drivers/CMSIS/Include -I../Core/Inc -I../Drivers/STM32F1xx_HAL_Driver/Inc/Legacy -I../Drivers/STM32F1xx_HAL_Driver/Inc -O0 -ffunction-sections -fdata-sections -Wall -fstack-usage -MMD -MP -MF"Drivers/STM32F1xx_HAL_Driver/Src/stm32f1xx_hal_dma.d" -MT"Drivers/STM32F1xx_HAL_Driver/Src/stm32f1xx_hal_dma.o" --specs=nano.specs -mfloat-abi=soft -mthumb -o "Drivers/STM32F1xx_HAL_Driver/Src/stm32f1xx_hal_dma.o"
arm-none-eabi-gcc "../Drivers/STM32F1xx_HAL_Driver/Src/stm32f1xx_hal_exti.c" -mcpu=cortex-m3 -std=gnu11 -g3 -DUSE_HAL_DRIVER -DSTM32F103x6 -DDEBUG -c -I../Drivers/CMSIS/Device/ST/STM32F1xx/Include -I../Drivers/CMSIS/Include -I../Core/Inc -I../Drivers/STM32F1xx_HAL_Driver/Inc/Legacy -I../Drivers/STM32F1xx_HAL_Driver/Inc -O0 -ffunction-sections -fdata-sections -Wall -fstack-usage -MMD -MP -MF"Drivers/STM32F1xx_HAL_Driver/Src/stm32f1xx_hal_exti.d" -MT"Drivers/STM32F1xx_HAL_Driver/Src/stm32f1xx_hal_exti.o" --specs=nano.specs -mfloat-abi=soft -mthumb -o "Drivers/STM32F1xx_HAL_Driver/Src/stm32f1xx_hal_exti.o"
arm-none-eabi-gcc "../Drivers/STM32F1xx_HAL_Driver/Src/stm32f1xx_hal_flash.c" -mcpu=cortex-m3 -std=gnu11 -g3 -DUSE_HAL_DRIVER -DSTM32F103x6 -DDEBUG -c -I../Drivers/CMSIS/Device/ST/STM32F1xx/Include -I../Drivers/CMSIS/Include -I../Core/Inc -I../Drivers/STM32F1xx_HAL_Driver/Inc/Legacy -I../Drivers/STM32F1xx_HAL_Driver/Inc -O0 -ffunction-sections -fdata-sections -Wall -fstack-usage -MMD -MP -MF"Drivers/STM32F1xx_HAL_Driver/Src/stm32f1xx_hal_flash.d" -MT"Drivers/STM32F1xx_HAL_Driver/Src/stm32f1xx_hal_flash.o" --specs=nano.specs -mfloat-abi=soft -mthumb -o "Drivers/STM32F1xx_HAL_Driver/Src/stm32f1xx_hal_flash.o"
arm-none-eabi-gcc "../Drivers/STM32F1xx_HAL_Driver/Src/stm32f1xx_hal_flash_ex.c" -mcpu=cortex-m3 -std=gnu11 -g3 -DUSE_HAL_DRIVER -DSTM32F103x6 -DDEBUG -c -I../Drivers/CMSIS/Device/ST/STM32F1xx/Include -I../Drivers/CMSIS/Include -I../Core/Inc -I../Drivers/STM32F1xx_HAL_Driver/Inc/Legacy -I../Drivers/STM32F1xx_HAL_Driver/Inc -O0 -ffunction-sections -fdata-sections -Wall -fstack-usage -MMD -MP -MF"Drivers/STM32F1xx_HAL_Driver/Src/stm32f1xx_hal_flash_ex.d" -MT"Drivers/STM32F1xx_HAL_Driver/Src/stm32f1xx_hal_flash_ex.o" --specs=nano.specs -mfloat-abi=soft -mthumb -o "Drivers/STM32F1xx_HAL_Driver/Src/stm32f1xx_hal_flash_ex.o"
arm-none-eabi-gcc "../Drivers/STM32F1xx_HAL_Driver/Src/stm32f1xx_hal_gpio.c" -mcpu=cortex-m3 -std=gnu11 -g3 -DUSE_HAL_DRIVER -DSTM32F103x6 -DDEBUG -c -I../Drivers/CMSIS/Device/ST/STM32F1xx/Include -I../Drivers/CMSIS/Include -I../Core/Inc -I../Drivers/STM32F1xx_HAL_Driver/Inc/Legacy -I../Drivers/STM32F1xx_HAL_Driver/Inc -O0 -ffunction-sections -fdata-sections -Wall -fstack-usage -MMD -MP -MF"Drivers/STM32F1xx_HAL_Driver/Src/stm32f1xx_hal_gpio.d" -MT"Drivers/STM32F1xx_HAL_Driver/Src/stm32f1xx_hal_gpio.o" --specs=nano.specs -mfloat-abi=soft -mthumb -o "Drivers/STM32F1xx_HAL_Driver/Src/stm32f1xx_hal_gpio.o"
arm-none-eabi-gcc "../Drivers/STM32F1xx_HAL_Driver/Src/stm32f1xx_hal_gpio_ex.c" -mcpu=cortex-m3 -std=gnu11 -g3 -DUSE_HAL_DRIVER -DSTM32F103x6 -DDEBUG -c -I../Drivers/CMSIS/Device/ST/STM32F1xx/Include -I../Drivers/CMSIS/Include -I../Core/Inc -I../Drivers/STM32F1xx_HAL_Driver/Inc/Legacy -I../Drivers/STM32F1xx_HAL_Driver/Inc -O0 -ffunction-sections -fdata-sections -Wall -fstack-usage -MMD -MP -MF"Drivers/STM32F1xx_HAL_Driver/Src/stm32f1xx_hal_gpio_ex.d" -MT"Drivers/STM32F1xx_HAL_Driver/Src/stm32f1xx_hal_gpio_ex.o" --specs=nano.specs -mfloat-abi=soft -mthumb -o "Drivers/STM32F1xx_HAL_Driver/Src/stm32f1xx_hal_gpio_ex.o"
arm-none-eabi-gcc "../Drivers/STM32F1xx_HAL_Driver/Src/stm32f1xx_hal_pwr.c" -mcpu=cortex-m3 -std=gnu11 -g3 -DUSE_HAL_DRIVER -DSTM32F103x6 -DDEBUG -c -I../Drivers/CMSIS/Device/ST/STM32F1xx/Include -I../Drivers/CMSIS/Include -I../Core/Inc -I../Drivers/STM32F1xx_HAL_Driver/Inc/Legacy -I../Drivers/STM32F1xx_HAL_Driver/Inc -O0 -ffunction-sections -fdata-sections -Wall -fstack-usage -MMD -MP -MF"Drivers/STM32F1xx_HAL_Driver/Src/stm32f1xx_hal_pwr.d" -MT"Drivers/STM32F1xx_HAL_Driver/Src/stm32f1xx_hal_pwr.o" --specs=nano.specs -mfloat-abi=soft -mthumb -o "Drivers/STM32F1xx_HAL_Driver/Src/stm32f1xx_hal_pwr.o"
arm-none-eabi-gcc "../Drivers/STM32F1xx_HAL_Driver/Src/stm32f1xx_hal_rcc.c" -mcpu=cortex-m3 -std=gnu11 -g3 -DUSE_HAL_DRIVER -DSTM32F103x6 -DDEBUG -c -I../Drivers/CMSIS/Device/ST/STM32F1xx/Include -I../Drivers/CMSIS/Include -I../Core/Inc -I../Drivers/STM32F1xx_HAL_Driver/Inc/Legacy -I../Drivers/STM32F1xx_HAL_Driver/Inc -O0 -ffunction-sections -fdata-sections -Wall -fstack-usage -MMD -MP -MF"Drivers/STM32F1xx_HAL_Driver/Src/stm32f1xx_hal_rcc.d" -MT"Drivers/STM32F1xx_HAL_Driver/Src/stm32f1xx_hal_rcc.o" --specs=nano.specs -mfloat-abi=soft -mthumb -o "Drivers/STM32F1xx_HAL_Driver/Src/stm32f1xx_hal_rcc.o"
arm-none-eabi-gcc "../Drivers/STM32F1xx_HAL_Driver/Src/stm32f1xx_hal_rcc_ex.c" -mcpu=cortex-m3 -std=gnu11 -g3 -DUSE_HAL_DRIVER -DSTM32F103x6 -DDEBUG -c -I../Drivers/CMSIS/Device/ST/STM32F1xx/Include -I../Drivers/CMSIS/Include -I../Core/Inc -I../Drivers/STM32F1xx_HAL_Driver/Inc/Legacy -I../Drivers/STM32F1xx_HAL_Driver/Inc -O0 -ffunction-sections -fdata-sections -Wall -fstack-usage -MMD -MP -MF"Drivers/STM32F1xx_HAL_Driver/Src/stm32f1xx_hal_rcc_ex.d" -MT"Drivers/STM32F1xx_HAL_Driver/Src/stm32f1xx_hal_rcc_ex.o" --specs=nano.specs -mfloat-abi=soft -mthumb -o "Drivers/STM32F1xx_HAL_Driver/Src/stm32f1xx_hal_rcc_ex.o"
arm-none-eabi-gcc "../Drivers/STM32F1xx_HAL_Driver/Src/stm32f1xx_hal_tim.c" -mcpu=cortex-m3 -std=gnu11 -g3 -DUSE_HAL_DRIVER -DSTM32F103x6 -DDEBUG -c -I../Drivers/CMSIS/Device/ST/STM32F1xx/Include -I../Drivers/CMSIS/Include -I../Core/Inc -I../Drivers/STM32F1xx_HAL_Driver/Inc/Legacy -I../Drivers/STM32F1xx_HAL_Driver/Inc -O0 -ffunction-sections -fdata-sections -Wall -fstack-usage -MMD -MP -MF"Drivers/STM32F1xx_HAL_Driver/Src/stm32f1xx_hal_tim.d" -MT"Drivers/STM32F1xx_HAL_Driver/Src/stm32f1xx_hal_tim.o" --specs=nano.specs -mfloat-abi=soft -mthumb -o "Drivers/STM32F1xx_HAL_Driver/Src/stm32f1xx_hal_tim.o"
arm-none-eabi-gcc "../Drivers/STM32F1xx_HAL_Driver/Src/stm32f1xx_hal_tim_ex.c" -mcpu=cortex-m3 -std=gnu11 -g3 -DUSE_HAL_DRIVER -DSTM32F103x6 -DDEBUG -c -I../Drivers/CMSIS/Device/ST/STM32F1xx/Include -I../Drivers/CMSIS/Include -I../Core/Inc -I../Drivers/STM32F1xx_HAL_Driver/Inc/Legacy -I../Drivers/STM32F1xx_HAL_Driver/Inc -O0 -ffunction-sections -fdata-sections -Wall -fstack-usage -MMD -MP -MF"Drivers/STM32F1xx_HAL_Driver/Src/stm32f1xx_hal_tim_ex.d" -MT"Drivers/STM32F1xx_HAL_Driver/Src/stm32f1xx_hal_tim_ex.o" --specs=nano.specs -mfloat-abi=soft -mthumb -o "Drivers/STM32F1xx_HAL_Driver/Src/stm32f1xx_hal_tim_ex.o"
arm-none-eabi-gcc -mcpu=cortex-m3 -g3 -c -x assembler-with-cpp -MMD -MP -MF"Core/Startup/startup_stm32f103c6tx.d" -MT"Core/Startup/startup_stm32f103c6tx.o" --specs=nano.specs -mfloat-abi=soft -mthumb -o "Core/Startup/startup_stm32f103c6tx.o" "../Core/Startup/startup_stm32f103c6tx.s"
arm-none-eabi-gcc "../Core/Src/main.c" -mcpu=cortex-m3 -std=gnu11 -g3 -DUSE_HAL_DRIVER -DSTM32F103x6 -DDEBUG -c -I../Drivers/CMSIS/Device/ST/STM32F1xx/Include -I../Drivers/CMSIS/Include -I../Core/Inc -I../Drivers/STM32F1xx_HAL_Driver/Inc/Legacy -I../Drivers/STM32F1xx_HAL_Driver/Inc -O0 -ffunction-sections -fdata-sections -Wall -fstack-usage -MMD -MP -MF"Core/Src/main.d" -MT"Core/Src/main.o" --specs=nano.specs -mfloat-abi=soft -mthumb -o "Core/Src/main.o"
arm-none-eabi-gcc "../Core/Src/stm32f1xx_hal_msp.c" -mcpu=cortex-m3 -std=gnu11 -g3 -DUSE_HAL_DRIVER -DSTM32F103x6 -DDEBUG -c -I../Drivers/CMSIS/Device/ST/STM32F1xx/Include -I../Drivers/CMSIS/Include -I../Core/Inc -I../Drivers/STM32F1xx_HAL_Driver/Inc/Legacy -I../Drivers/STM32F1xx_HAL_Driver/Inc -O0 -ffunction-sections -fdata-sections -Wall -fstack-usage -MMD -MP -MF"Core/Src/stm32f1xx_hal_msp.d" -MT"Core/Src/stm32f1xx_hal_msp.o" --specs=nano.specs -mfloat-abi=soft -mthumb -o "Core/Src/stm32f1xx_hal_msp.o"
arm-none-eabi-gcc "../Core/Src/stm32f1xx_it.c" -mcpu=cortex-m3 -std=gnu11 -g3 -DUSE_HAL_DRIVER -DSTM32F103x6 -DDEBUG -c -I../Drivers/CMSIS/Device/ST/STM32F1xx/Include -I../Drivers/CMSIS/Include -I../Core/Inc -I../Drivers/STM32F1xx_HAL_Driver/Inc/Legacy -I../Drivers/STM32F1xx_HAL_Driver/Inc -O0 -ffunction-sections -fdata-sections -Wall -fstack-usage -MMD -MP -MF"Core/Src/stm32f1xx_it.d" -MT"Core/Src/stm32f1xx_it.o" --specs=nano.specs -mfloat-abi=soft -mthumb -o "Core/Src/stm32f1xx_it.o"
arm-none-eabi-gcc "../Core/Src/syscalls.c" -mcpu=cortex-m3 -std=gnu11 -g3 -DUSE_HAL_DRIVER -DSTM32F103x6 -DDEBUG -c -I../Drivers/CMSIS/Device/ST/STM32F1xx/Include -I../Drivers/CMSIS/Include -I../Core/Inc -I../Drivers/STM32F1xx_HAL_Driver/Inc/Legacy -I../Drivers/STM32F1xx_HAL_Driver/Inc -O0 -ffunction-sections -fdata-sections -Wall -fstack-usage -MMD -MP -MF"Core/Src/syscalls.d" -MT"Core/Src/syscalls.o" --specs=nano.specs -mfloat-abi=soft -mthumb -o "Core/Src/syscalls.o"
arm-none-eabi-gcc "../Core/Src/sysmem.c" -mcpu=cortex-m3 -std=gnu11 -g3 -DUSE_HAL_DRIVER -DSTM32F103x6 -DDEBUG -c -I../Drivers/CMSIS/Device/ST/STM32F1xx/Include -I../Drivers/CMSIS/Include -I../Core/Inc -I../Drivers/STM32F1xx_HAL_Driver/Inc/Legacy -I../Drivers/STM32F1xx_HAL_Driver/Inc -O0 -ffunction-sections -fdata-sections -Wall -fstack-usage -MMD -MP -MF"Core/Src/sysmem.d" -MT"Core/Src/sysmem.o" --specs=nano.specs -mfloat-abi=soft -mthumb -o "Core/Src/sysmem.o"
arm-none-eabi-gcc "../Core/Src/system_stm32f1xx.c" -mcpu=cortex-m3 -std=gnu11 -g3 -DUSE_HAL_DRIVER -DSTM32F103x6 -DDEBUG -c -I../Drivers/CMSIS/Device/ST/STM32F1xx/Include -I../Drivers/CMSIS/Include -I../Core/Inc -I../Drivers/STM32F1xx_HAL_Driver/Inc/Legacy -I../Drivers/STM32F1xx_HAL_Driver/Inc -O0 -ffunction-sections -fdata-sections -Wall -fstack-usage -MMD -MP -MF"Core/Src/system_stm32f1xx.d" -MT"Core/Src/system_stm32f1xx.o" --specs=nano.specs -mfloat-abi=soft -mthumb -o "Core/Src/system_stm32f1xx.o"
../Core/Src/main.c: In function 'main':
../Core/Src/main.c:96:3: warning: implicit declaration of function 'LCD_init' [-Wimplicit-function-declaration]
   96 |   LCD_init();
      |   ^~~~~~~~
../Core/Src/main.c:105:11: warning: implicit declaration of function 'LCD' [-Wimplicit-function-declaration]
  105 |           LCD(0x01, 0); /* cistimo ekran */
      |           ^~~
../Core/Src/main.c: At top level:
../Core/Src/main.c:124:6: warning: conflicting types for 'LCD_init'
  124 | void LCD_init()
      |      ^~~~~~~~
../Core/Src/main.c:96:3: note: previous implicit declaration of 'LCD_init' was here
   96 |   LCD_init();
      |   ^~~~~~~~
../Core/Src/main.c:133:6: warning: conflicting types for 'LCD'
  133 | void LCD(uint8_t val_1, uint8_t cmd)
      |      ^~~
../Core/Src/main.c:105:11: note: previous implicit declaration of 'LCD' was here
  105 |           LCD(0x01, 0); /* cistimo ekran */
      |           ^~~
arm-none-eabi-gcc -o "LCDprimer2.elf" @"objects.list"   -mcpu=cortex-m3 -T"C:\Users\Luka\Desktop\LCDprimer2\STM32F103C6TX_FLASH.ld" --specs=nosys.specs -Wl,-Map="LCDprimer2.map" -Wl,--gc-sections -static --specs=nano.specs -mfloat-abi=soft -mthumb -Wl,--start-group -lc -lm -Wl,--end-group
Finished building target: LCDprimer2.elf
 
arm-none-eabi-size   LCDprimer2.elf 
arm-none-eabi-objdump -h -S  LCDprimer2.elf  > "LCDprimer2.list"
arm-none-eabi-objcopy  -O ihex  LCDprimer2.elf  "LCDprimer2.hex"
   text	   data	    bss	    dec	    hex	filename
   6728	     20	   1620	   8368	   20b0	LCDprimer2.elf
Finished building: default.size.stdout
 
Finished building: LCDprimer2.list
 
Finished building: LCDprimer2.hex
 
11:27:29 **** Build of configuration Debug for project projekat ****
make -j12 all 
arm-none-eabi-gcc "../Drivers/STM32F1xx_HAL_Driver/Src/stm32f1xx_hal.c" -mcpu=cortex-m3 -std=gnu11 -g3 -DDEBUG -DUSE_HAL_DRIVER -DSTM32F103x6 -c -I../Core/Inc -I../Drivers/STM32F1xx_HAL_Driver/Inc/Legacy -I../Drivers/STM32F1xx_HAL_Driver/Inc -I../Drivers/CMSIS/Device/ST/STM32F1xx/Include -I../Drivers/CMSIS/Include -O0 -ffunction-sections -fdata-sections -Wall -fstack-usage -MMD -MP -MF"Drivers/STM32F1xx_HAL_Driver/Src/stm32f1xx_hal.d" -MT"Drivers/STM32F1xx_HAL_Driver/Src/stm32f1xx_hal.o" --specs=nano.specs -mfloat-abi=soft -mthumb -o "Drivers/STM32F1xx_HAL_Driver/Src/stm32f1xx_hal.o"
arm-none-eabi-gcc "../Drivers/STM32F1xx_HAL_Driver/Src/stm32f1xx_hal_cortex.c" -mcpu=cortex-m3 -std=gnu11 -g3 -DDEBUG -DUSE_HAL_DRIVER -DSTM32F103x6 -c -I../Core/Inc -I../Drivers/STM32F1xx_HAL_Driver/Inc/Legacy -I../Drivers/STM32F1xx_HAL_Driver/Inc -I../Drivers/CMSIS/Device/ST/STM32F1xx/Include -I../Drivers/CMSIS/Include -O0 -ffunction-sections -fdata-sections -Wall -fstack-usage -MMD -MP -MF"Drivers/STM32F1xx_HAL_Driver/Src/stm32f1xx_hal_cortex.d" -MT"Drivers/STM32F1xx_HAL_Driver/Src/stm32f1xx_hal_cortex.o" --specs=nano.specs -mfloat-abi=soft -mthumb -o "Drivers/STM32F1xx_HAL_Driver/Src/stm32f1xx_hal_cortex.o"
arm-none-eabi-gcc "../Drivers/STM32F1xx_HAL_Driver/Src/stm32f1xx_hal_dma.c" -mcpu=cortex-m3 -std=gnu11 -g3 -DDEBUG -DUSE_HAL_DRIVER -DSTM32F103x6 -c -I../Core/Inc -I../Drivers/STM32F1xx_HAL_Driver/Inc/Legacy -I../Drivers/STM32F1xx_HAL_Driver/Inc -I../Drivers/CMSIS/Device/ST/STM32F1xx/Include -I../Drivers/CMSIS/Include -O0 -ffunction-sections -fdata-sections -Wall -fstack-usage -MMD -MP -MF"Drivers/STM32F1xx_HAL_Driver/Src/stm32f1xx_hal_dma.d" -MT"Drivers/STM32F1xx_HAL_Driver/Src/stm32f1xx_hal_dma.o" --specs=nano.specs -mfloat-abi=soft -mthumb -o "Drivers/STM32F1xx_HAL_Driver/Src/stm32f1xx_hal_dma.o"
arm-none-eabi-gcc "../Drivers/STM32F1xx_HAL_Driver/Src/stm32f1xx_hal_exti.c" -mcpu=cortex-m3 -std=gnu11 -g3 -DDEBUG -DUSE_HAL_DRIVER -DSTM32F103x6 -c -I../Core/Inc -I../Drivers/STM32F1xx_HAL_Driver/Inc/Legacy -I../Drivers/STM32F1xx_HAL_Driver/Inc -I../Drivers/CMSIS/Device/ST/STM32F1xx/Include -I../Drivers/CMSIS/Include -O0 -ffunction-sections -fdata-sections -Wall -fstack-usage -MMD -MP -MF"Drivers/STM32F1xx_HAL_Driver/Src/stm32f1xx_hal_exti.d" -MT"Drivers/STM32F1xx_HAL_Driver/Src/stm32f1xx_hal_exti.o" --specs=nano.specs -mfloat-abi=soft -mthumb -o "Drivers/STM32F1xx_HAL_Driver/Src/stm32f1xx_hal_exti.o"
arm-none-eabi-gcc "../Drivers/STM32F1xx_HAL_Driver/Src/stm32f1xx_hal_flash.c" -mcpu=cortex-m3 -std=gnu11 -g3 -DDEBUG -DUSE_HAL_DRIVER -DSTM32F103x6 -c -I../Core/Inc -I../Drivers/STM32F1xx_HAL_Driver/Inc/Legacy -I../Drivers/STM32F1xx_HAL_Driver/Inc -I../Drivers/CMSIS/Device/ST/STM32F1xx/Include -I../Drivers/CMSIS/Include -O0 -ffunction-sections -fdata-sections -Wall -fstack-usage -MMD -MP -MF"Drivers/STM32F1xx_HAL_Driver/Src/stm32f1xx_hal_flash.d" -MT"Drivers/STM32F1xx_HAL_Driver/Src/stm32f1xx_hal_flash.o" --specs=nano.specs -mfloat-abi=soft -mthumb -o "Drivers/STM32F1xx_HAL_Driver/Src/stm32f1xx_hal_flash.o"
arm-none-eabi-gcc "../Drivers/STM32F1xx_HAL_Driver/Src/stm32f1xx_hal_flash_ex.c" -mcpu=cortex-m3 -std=gnu11 -g3 -DDEBUG -DUSE_HAL_DRIVER -DSTM32F103x6 -c -I../Core/Inc -I../Drivers/STM32F1xx_HAL_Driver/Inc/Legacy -I../Drivers/STM32F1xx_HAL_Driver/Inc -I../Drivers/CMSIS/Device/ST/STM32F1xx/Include -I../Drivers/CMSIS/Include -O0 -ffunction-sections -fdata-sections -Wall -fstack-usage -MMD -MP -MF"Drivers/STM32F1xx_HAL_Driver/Src/stm32f1xx_hal_flash_ex.d" -MT"Drivers/STM32F1xx_HAL_Driver/Src/stm32f1xx_hal_flash_ex.o" --specs=nano.specs -mfloat-abi=soft -mthumb -o "Drivers/STM32F1xx_HAL_Driver/Src/stm32f1xx_hal_flash_ex.o"
arm-none-eabi-gcc "../Drivers/STM32F1xx_HAL_Driver/Src/stm32f1xx_hal_gpio.c" -mcpu=cortex-m3 -std=gnu11 -g3 -DDEBUG -DUSE_HAL_DRIVER -DSTM32F103x6 -c -I../Core/Inc -I../Drivers/STM32F1xx_HAL_Driver/Inc/Legacy -I../Drivers/STM32F1xx_HAL_Driver/Inc -I../Drivers/CMSIS/Device/ST/STM32F1xx/Include -I../Drivers/CMSIS/Include -O0 -ffunction-sections -fdata-sections -Wall -fstack-usage -MMD -MP -MF"Drivers/STM32F1xx_HAL_Driver/Src/stm32f1xx_hal_gpio.d" -MT"Drivers/STM32F1xx_HAL_Driver/Src/stm32f1xx_hal_gpio.o" --specs=nano.specs -mfloat-abi=soft -mthumb -o "Drivers/STM32F1xx_HAL_Driver/Src/stm32f1xx_hal_gpio.o"
arm-none-eabi-gcc "../Drivers/STM32F1xx_HAL_Driver/Src/stm32f1xx_hal_gpio_ex.c" -mcpu=cortex-m3 -std=gnu11 -g3 -DDEBUG -DUSE_HAL_DRIVER -DSTM32F103x6 -c -I../Core/Inc -I../Drivers/STM32F1xx_HAL_Driver/Inc/Legacy -I../Drivers/STM32F1xx_HAL_Driver/Inc -I../Drivers/CMSIS/Device/ST/STM32F1xx/Include -I../Drivers/CMSIS/Include -O0 -ffunction-sections -fdata-sections -Wall -fstack-usage -MMD -MP -MF"Drivers/STM32F1xx_HAL_Driver/Src/stm32f1xx_hal_gpio_ex.d" -MT"Drivers/STM32F1xx_HAL_Driver/Src/stm32f1xx_hal_gpio_ex.o" --specs=nano.specs -mfloat-abi=soft -mthumb -o "Drivers/STM32F1xx_HAL_Driver/Src/stm32f1xx_hal_gpio_ex.o"
arm-none-eabi-gcc "../Drivers/STM32F1xx_HAL_Driver/Src/stm32f1xx_hal_pwr.c" -mcpu=cortex-m3 -std=gnu11 -g3 -DDEBUG -DUSE_HAL_DRIVER -DSTM32F103x6 -c -I../Core/Inc -I../Drivers/STM32F1xx_HAL_Driver/Inc/Legacy -I../Drivers/STM32F1xx_HAL_Driver/Inc -I../Drivers/CMSIS/Device/ST/STM32F1xx/Include -I../Drivers/CMSIS/Include -O0 -ffunction-sections -fdata-sections -Wall -fstack-usage -MMD -MP -MF"Drivers/STM32F1xx_HAL_Driver/Src/stm32f1xx_hal_pwr.d" -MT"Drivers/STM32F1xx_HAL_Driver/Src/stm32f1xx_hal_pwr.o" --specs=nano.specs -mfloat-abi=soft -mthumb -o "Drivers/STM32F1xx_HAL_Driver/Src/stm32f1xx_hal_pwr.o"
arm-none-eabi-gcc "../Drivers/STM32F1xx_HAL_Driver/Src/stm32f1xx_hal_rcc.c" -mcpu=cortex-m3 -std=gnu11 -g3 -DDEBUG -DUSE_HAL_DRIVER -DSTM32F103x6 -c -I../Core/Inc -I../Drivers/STM32F1xx_HAL_Driver/Inc/Legacy -I../Drivers/STM32F1xx_HAL_Driver/Inc -I../Drivers/CMSIS/Device/ST/STM32F1xx/Include -I../Drivers/CMSIS/Include -O0 -ffunction-sections -fdata-sections -Wall -fstack-usage -MMD -MP -MF"Drivers/STM32F1xx_HAL_Driver/Src/stm32f1xx_hal_rcc.d" -MT"Drivers/STM32F1xx_HAL_Driver/Src/stm32f1xx_hal_rcc.o" --specs=nano.specs -mfloat-abi=soft -mthumb -o "Drivers/STM32F1xx_HAL_Driver/Src/stm32f1xx_hal_rcc.o"
arm-none-eabi-gcc "../Drivers/STM32F1xx_HAL_Driver/Src/stm32f1xx_hal_rcc_ex.c" -mcpu=cortex-m3 -std=gnu11 -g3 -DDEBUG -DUSE_HAL_DRIVER -DSTM32F103x6 -c -I../Core/Inc -I../Drivers/STM32F1xx_HAL_Driver/Inc/Legacy -I../Drivers/STM32F1xx_HAL_Driver/Inc -I../Drivers/CMSIS/Device/ST/STM32F1xx/Include -I../Drivers/CMSIS/Include -O0 -ffunction-sections -fdata-sections -Wall -fstack-usage -MMD -MP -MF"Drivers/STM32F1xx_HAL_Driver/Src/stm32f1xx_hal_rcc_ex.d" -MT"Drivers/STM32F1xx_HAL_Driver/Src/stm32f1xx_hal_rcc_ex.o" --specs=nano.specs -mfloat-abi=soft -mthumb -o "Drivers/STM32F1xx_HAL_Driver/Src/stm32f1xx_hal_rcc_ex.o"
arm-none-eabi-gcc "../Core/Src/main.c" -mcpu=cortex-m3 -std=gnu11 -g3 -DDEBUG -DUSE_HAL_DRIVER -DSTM32F103x6 -c -I../Core/Inc -I../Drivers/STM32F1xx_HAL_Driver/Inc/Legacy -I../Drivers/STM32F1xx_HAL_Driver/Inc -I../Drivers/CMSIS/Device/ST/STM32F1xx/Include -I../Drivers/CMSIS/Include -O0 -ffunction-sections -fdata-sections -Wall -fstack-usage -MMD -MP -MF"Core/Src/main.d" -MT"Core/Src/main.o" --specs=nano.specs -mfloat-abi=soft -mthumb -o "Core/Src/main.o"
../Core/Src/main.c: In function 'main':
../Core/Src/main.c:99:3: warning: implicit declaration of function 'LCD_init' [-Wimplicit-function-declaration]
   99 |   LCD_init();
      |   ^~~~~~~~
../Core/Src/main.c:104:6: warning: implicit declaration of function 'LCD' [-Wimplicit-function-declaration]
  104 |      LCD(0x01, 0); /* cistimo ekran */
      |      ^~~
../Core/Src/main.c: At top level:
../Core/Src/main.c:120:6: warning: conflicting types for 'LCD_init'
  120 | void LCD_init()
      |      ^~~~~~~~
../Core/Src/main.c:99:3: note: previous implicit declaration of 'LCD_init' was here
   99 |   LCD_init();
      |   ^~~~~~~~
../Core/Src/main.c:129:6: warning: conflicting types for 'LCD'
  129 | void LCD(uint8_t val_1, uint8_t cmd)
      |      ^~~
../Core/Src/main.c:104:6: note: previous implicit declaration of 'LCD' was here
  104 |      LCD(0x01, 0); /* cistimo ekran */
      |      ^~~
arm-none-eabi-gcc "../Core/Src/stm32f1xx_hal_msp.c" -mcpu=cortex-m3 -std=gnu11 -g3 -DDEBUG -DUSE_HAL_DRIVER -DSTM32F103x6 -c -I../Core/Inc -I../Drivers/STM32F1xx_HAL_Driver/Inc/Legacy -I../Drivers/STM32F1xx_HAL_Driver/Inc -I../Drivers/CMSIS/Device/ST/STM32F1xx/Include -I../Drivers/CMSIS/Include -O0 -ffunction-sections -fdata-sections -Wall -fstack-usage -MMD -MP -MF"Core/Src/stm32f1xx_hal_msp.d" -MT"Core/Src/stm32f1xx_hal_msp.o" --specs=nano.specs -mfloat-abi=soft -mthumb -o "Core/Src/stm32f1xx_hal_msp.o"
arm-none-eabi-gcc "../Core/Src/stm32f1xx_it.c" -mcpu=cortex-m3 -std=gnu11 -g3 -DDEBUG -DUSE_HAL_DRIVER -DSTM32F103x6 -c -I../Core/Inc -I../Drivers/STM32F1xx_HAL_Driver/Inc/Legacy -I../Drivers/STM32F1xx_HAL_Driver/Inc -I../Drivers/CMSIS/Device/ST/STM32F1xx/Include -I../Drivers/CMSIS/Include -O0 -ffunction-sections -fdata-sections -Wall -fstack-usage -MMD -MP -MF"Core/Src/stm32f1xx_it.d" -MT"Core/Src/stm32f1xx_it.o" --specs=nano.specs -mfloat-abi=soft -mthumb -o "Core/Src/stm32f1xx_it.o"
arm-none-eabi-gcc "../Core/Src/system_stm32f1xx.c" -mcpu=cortex-m3 -std=gnu11 -g3 -DDEBUG -DUSE_HAL_DRIVER -DSTM32F103x6 -c -I../Core/Inc -I../Drivers/STM32F1xx_HAL_Driver/Inc/Legacy -I../Drivers/STM32F1xx_HAL_Driver/Inc -I../Drivers/CMSIS/Device/ST/STM32F1xx/Include -I../Drivers/CMSIS/Include -O0 -ffunction-sections -fdata-sections -Wall -fstack-usage -MMD -MP -MF"Core/Src/system_stm32f1xx.d" -MT"Core/Src/system_stm32f1xx.o" --specs=nano.specs -mfloat-abi=soft -mthumb -o "Core/Src/system_stm32f1xx.o"
arm-none-eabi-gcc -o "projekat.elf" @"objects.list"   -mcpu=cortex-m3 -T"C:\Users\Luka\Desktop\Projekat za ispit\projekat\STM32F103C6TX_FLASH.ld" --specs=nosys.specs -Wl,-Map="projekat.map" -Wl,--gc-sections -static --specs=nano.specs -mfloat-abi=soft -mthumb -Wl,--start-group -lc -lm -Wl,--end-group
Finished building target: projekat.elf
 
arm-none-eabi-size   projekat.elf 
arm-none-eabi-objdump -h -S  projekat.elf  > "projekat.list"
arm-none-eabi-objcopy  -O ihex  projekat.elf  "projekat.hex"
   text	   data	    bss	    dec	    hex	filename
   5036	     20	   1572	   6628	   19e4	projekat.elf
Finished building: default.size.stdout
 
Finished building: projekat.hex
 
Finished building: projekat.list
 
11:28:55 **** Incremental Build of configuration Debug for project LCDprimer2 ****
make -j12 all 
arm-none-eabi-size   LCDprimer2.elf 
   text	   data	    bss	    dec	    hex	filename
   6728	     20	   1620	   8368	   20b0	LCDprimer2.elf
Finished building: default.size.stdout
 
11:28:55 **** Incremental Build of configuration Debug for project projekat ****
make -j12 all 
arm-none-eabi-gcc "../Core/Src/main.c" -mcpu=cortex-m3 -std=gnu11 -g3 -DDEBUG -DUSE_HAL_DRIVER -DSTM32F103x6 -c -I../Core/Inc -I../Drivers/STM32F1xx_HAL_Driver/Inc/Legacy -I../Drivers/STM32F1xx_HAL_Driver/Inc -I../Drivers/CMSIS/Device/ST/STM32F1xx/Include -I../Drivers/CMSIS/Include -O0 -ffunction-sections -fdata-sections -Wall -fstack-usage -MMD -MP -MF"Core/Src/main.d" -MT"Core/Src/main.o" --specs=nano.specs -mfloat-abi=soft -mthumb -o "Core/Src/main.o"
../Core/Src/main.c: In function 'LCD_init':
../Core/Src/main.c:71:2: warning: implicit declaration of function 'LCD' [-Wimplicit-function-declaration]
   71 |  LCD(0x38, 0); //2 lines, 5*7 matrix
      |  ^~~
../Core/Src/main.c: At top level:
../Core/Src/main.c:78:6: warning: conflicting types for 'LCD'
   78 | void LCD(uint8_t val_1, uint8_t cmd)
      |      ^~~
../Core/Src/main.c:71:2: note: previous implicit declaration of 'LCD' was here
   71 |  LCD(0x38, 0); //2 lines, 5*7 matrix
      |  ^~~
arm-none-eabi-gcc -o "projekat.elf" @"objects.list"   -mcpu=cortex-m3 -T"C:\Users\Luka\Desktop\Projekat za ispit\projekat\STM32F103C6TX_FLASH.ld" --specs=nosys.specs -Wl,-Map="projekat.map" -Wl,--gc-sections -static --specs=nano.specs -mfloat-abi=soft -mthumb -Wl,--start-group -lc -lm -Wl,--end-group
Finished building target: projekat.elf
 
arm-none-eabi-size   projekat.elf 
arm-none-eabi-objdump -h -S  projekat.elf  > "projekat.list"
arm-none-eabi-objcopy  -O ihex  projekat.elf  "projekat.hex"
   text	   data	    bss	    dec	    hex	filename
   5036	     20	   1572	   6628	   19e4	projekat.elf
Finished building: default.size.stdout
 
Finished building: projekat.hex
 
Finished building: projekat.list
 
11:29:29 **** Incremental Build of configuration Debug for project LCDprimer2 ****
make -j12 all 
arm-none-eabi-size   LCDprimer2.elf 
   text	   data	    bss	    dec	    hex	filename
   6728	     20	   1620	   8368	   20b0	LCDprimer2.elf
Finished building: default.size.stdout
 
11:29:29 **** Incremental Build of configuration Debug for project projekat ****
make -j12 all 
arm-none-eabi-gcc "../Core/Src/main.c" -mcpu=cortex-m3 -std=gnu11 -g3 -DDEBUG -DUSE_HAL_DRIVER -DSTM32F103x6 -c -I../Core/Inc -I../Drivers/STM32F1xx_HAL_Driver/Inc/Legacy -I../Drivers/STM32F1xx_HAL_Driver/Inc -I../Drivers/CMSIS/Device/ST/STM32F1xx/Include -I../Drivers/CMSIS/Include -O0 -ffunction-sections -fdata-sections -Wall -fstack-usage -MMD -MP -MF"Core/Src/main.d" -MT"Core/Src/main.o" --specs=nano.specs -mfloat-abi=soft -mthumb -o "Core/Src/main.o"
../Core/Src/main.c: In function 'main':
../Core/Src/main.c:99:3: warning: implicit declaration of function 'LCD_init' [-Wimplicit-function-declaration]
   99 |   LCD_init();
      |   ^~~~~~~~
../Core/Src/main.c:104:6: warning: implicit declaration of function 'LCD' [-Wimplicit-function-declaration]
  104 |      LCD(0x01, 0); /* cistimo ekran */
      |      ^~~
../Core/Src/main.c: At top level:
../Core/Src/main.c:120:6: warning: conflicting types for 'LCD_init'
  120 | void LCD_init()
      |      ^~~~~~~~
../Core/Src/main.c:99:3: note: previous implicit declaration of 'LCD_init' was here
   99 |   LCD_init();
      |   ^~~~~~~~
../Core/Src/main.c:129:6: warning: conflicting types for 'LCD'
  129 | void LCD(uint8_t val_1, uint8_t cmd)
      |      ^~~
../Core/Src/main.c:104:6: note: previous implicit declaration of 'LCD' was here
  104 |      LCD(0x01, 0); /* cistimo ekran */
      |      ^~~
arm-none-eabi-gcc -o "projekat.elf" @"objects.list"   -mcpu=cortex-m3 -T"C:\Users\Luka\Desktop\Projekat za ispit\projekat\STM32F103C6TX_FLASH.ld" --specs=nosys.specs -Wl,-Map="projekat.map" -Wl,--gc-sections -static --specs=nano.specs -mfloat-abi=soft -mthumb -Wl,--start-group -lc -lm -Wl,--end-group
Finished building target: projekat.elf
 
arm-none-eabi-size   projekat.elf 
arm-none-eabi-objdump -h -S  projekat.elf  > "projekat.list"
arm-none-eabi-objcopy  -O ihex  projekat.elf  "projekat.hex"
   text	   data	    bss	    dec	    hex	filename
   5036	     20	   1572	   6628	   19e4	projekat.elf
Finished building: default.size.stdout
 
Finished building: projekat.hex
Finished building: projekat.list
 
 
11:59:07 **** Incremental Build of configuration Debug for project LCDprimer2 ****
make -j12 all 
arm-none-eabi-size   LCDprimer2.elf 
   text	   data	    bss	    dec	    hex	filename
   6728	     20	   1620	   8368	   20b0	LCDprimer2.elf
Finished building: default.size.stdout
 
11:59:08 **** Incremental Build of configuration Debug for project projekat ****
make -j12 all 
arm-none-eabi-gcc "../Core/Src/main.c" -mcpu=cortex-m3 -std=gnu11 -g3 -DDEBUG -DUSE_HAL_DRIVER -DSTM32F103x6 -c -I../Core/Inc -I../Drivers/STM32F1xx_HAL_Driver/Inc/Legacy -I../Drivers/STM32F1xx_HAL_Driver/Inc -I../Drivers/CMSIS/Device/ST/STM32F1xx/Include -I../Drivers/CMSIS/Include -O0 -ffunction-sections -fdata-sections -Wall -fstack-usage -MMD -MP -MF"Core/Src/main.d" -MT"Core/Src/main.o" --specs=nano.specs -mfloat-abi=soft -mthumb -o "Core/Src/main.o"
../Core/Src/main.c: In function 'main':
../Core/Src/main.c:120:3: warning: implicit declaration of function 'LCD_init' [-Wimplicit-function-declaration]
  120 |   LCD_init();
      |   ^~~~~~~~
../Core/Src/main.c:129:16: warning: implicit declaration of function 'rand' [-Wimplicit-function-declaration]
  129 |     int randBr=rand()%6;
      |                ^~~~
../Core/Src/main.c:147:6: warning: implicit declaration of function 'LCD' [-Wimplicit-function-declaration]
  147 |      LCD(0x01, 0); /* cistimo ekran */
      |      ^~~
../Core/Src/main.c:111:25: warning: variable 'matricaTaster' set but not used [-Wunused-but-set-variable]
  111 |   int matricaLed[3][2], matricaTaster[3][2];
      |                         ^~~~~~~~~~~~~
../Core/Src/main.c: At top level:
../Core/Src/main.c:164:6: warning: conflicting types for 'LCD_init'
  164 | void LCD_init()
      |      ^~~~~~~~
../Core/Src/main.c:120:3: note: previous implicit declaration of 'LCD_init' was here
  120 |   LCD_init();
      |   ^~~~~~~~
../Core/Src/main.c:173:6: warning: conflicting types for 'LCD'
  173 | void LCD(uint8_t val_1, uint8_t cmd)
      |      ^~~
../Core/Src/main.c:147:6: note: previous implicit declaration of 'LCD' was here
  147 |      LCD(0x01, 0); /* cistimo ekran */
      |      ^~~
arm-none-eabi-gcc -o "projekat.elf" @"objects.list"   -mcpu=cortex-m3 -T"C:\Users\Luka\Desktop\Projekat za ispit\projekat\STM32F103C6TX_FLASH.ld" --specs=nosys.specs -Wl,-Map="projekat.map" -Wl,--gc-sections -static --specs=nano.specs -mfloat-abi=soft -mthumb -Wl,--start-group -lc -lm -Wl,--end-group
Finished building target: projekat.elf
 
arm-none-eabi-size   projekat.elf 
arm-none-eabi-objdump -h -S  projekat.elf  > "projekat.list"
arm-none-eabi-objcopy  -O ihex  projekat.elf  "projekat.hex"
   text	   data	    bss	    dec	    hex	filename
  10196	    120	   1592	  11908	   2e84	projekat.elf
Finished building: default.size.stdout
 
Finished building: projekat.hex
 
Finished building: projekat.list
 
12:01:11 **** Incremental Build of configuration Debug for project LCDprimer2 ****
make -j12 all 
arm-none-eabi-size   LCDprimer2.elf 
   text	   data	    bss	    dec	    hex	filename
   6728	     20	   1620	   8368	   20b0	LCDprimer2.elf
Finished building: default.size.stdout
 
12:01:11 **** Incremental Build of configuration Debug for project projekat ****
make -j12 all 
arm-none-eabi-gcc "../Core/Src/main.c" -mcpu=cortex-m3 -std=gnu11 -g3 -DDEBUG -DUSE_HAL_DRIVER -DSTM32F103x6 -c -I../Core/Inc -I../Drivers/STM32F1xx_HAL_Driver/Inc/Legacy -I../Drivers/STM32F1xx_HAL_Driver/Inc -I../Drivers/CMSIS/Device/ST/STM32F1xx/Include -I../Drivers/CMSIS/Include -O0 -ffunction-sections -fdata-sections -Wall -fstack-usage -MMD -MP -MF"Core/Src/main.d" -MT"Core/Src/main.o" --specs=nano.specs -mfloat-abi=soft -mthumb -o "Core/Src/main.o"
../Core/Src/main.c: In function 'main':
../Core/Src/main.c:120:3: warning: implicit declaration of function 'LCD_init' [-Wimplicit-function-declaration]
  120 |   LCD_init();
      |   ^~~~~~~~
../Core/Src/main.c:129:16: warning: implicit declaration of function 'rand' [-Wimplicit-function-declaration]
  129 |     int randBr=rand()%6;
      |                ^~~~
../Core/Src/main.c:148:6: warning: implicit declaration of function 'LCD' [-Wimplicit-function-declaration]
  148 |      LCD(0x01, 0); /* cistimo ekran */
      |      ^~~
../Core/Src/main.c:111:25: warning: variable 'matricaTaster' set but not used [-Wunused-but-set-variable]
  111 |   int matricaLed[3][2], matricaTaster[3][2];
      |                         ^~~~~~~~~~~~~
../Core/Src/main.c: At top level:
../Core/Src/main.c:165:6: warning: conflicting types for 'LCD_init'
  165 | void LCD_init()
      |      ^~~~~~~~
../Core/Src/main.c:120:3: note: previous implicit declaration of 'LCD_init' was here
  120 |   LCD_init();
      |   ^~~~~~~~
../Core/Src/main.c:174:6: warning: conflicting types for 'LCD'
  174 | void LCD(uint8_t val_1, uint8_t cmd)
      |      ^~~
../Core/Src/main.c:148:6: note: previous implicit declaration of 'LCD' was here
  148 |      LCD(0x01, 0); /* cistimo ekran */
      |      ^~~
arm-none-eabi-gcc -o "projekat.elf" @"objects.list"   -mcpu=cortex-m3 -T"C:\Users\Luka\Desktop\Projekat za ispit\projekat\STM32F103C6TX_FLASH.ld" --specs=nosys.specs -Wl,-Map="projekat.map" -Wl,--gc-sections -static --specs=nano.specs -mfloat-abi=soft -mthumb -Wl,--start-group -lc -lm -Wl,--end-group
Finished building target: projekat.elf
 
arm-none-eabi-size   projekat.elf 
arm-none-eabi-objdump -h -S  projekat.elf  > "projekat.list"
arm-none-eabi-objcopy  -O ihex  projekat.elf  "projekat.hex"
   text	   data	    bss	    dec	    hex	filename
  10228	    120	   1592	  11940	   2ea4	projekat.elf
Finished building: default.size.stdout
 
Finished building: projekat.hex
 
Finished building: projekat.list
 
12:05:13 **** Incremental Build of configuration Debug for project LCDprimer2 ****
make -j12 all 
arm-none-eabi-size   LCDprimer2.elf 
   text	   data	    bss	    dec	    hex	filename
   6728	     20	   1620	   8368	   20b0	LCDprimer2.elf
Finished building: default.size.stdout
 
12:05:13 **** Incremental Build of configuration Debug for project projekat ****
make -j12 all 
arm-none-eabi-gcc "../Drivers/STM32F1xx_HAL_Driver/Src/stm32f1xx_hal.c" -mcpu=cortex-m3 -std=gnu11 -g3 -DDEBUG -DUSE_HAL_DRIVER -DSTM32F103x6 -c -I../Core/Inc -I../Drivers/STM32F1xx_HAL_Driver/Inc/Legacy -I../Drivers/STM32F1xx_HAL_Driver/Inc -I../Drivers/CMSIS/Device/ST/STM32F1xx/Include -I../Drivers/CMSIS/Include -O0 -ffunction-sections -fdata-sections -Wall -fstack-usage -MMD -MP -MF"Drivers/STM32F1xx_HAL_Driver/Src/stm32f1xx_hal.d" -MT"Drivers/STM32F1xx_HAL_Driver/Src/stm32f1xx_hal.o" --specs=nano.specs -mfloat-abi=soft -mthumb -o "Drivers/STM32F1xx_HAL_Driver/Src/stm32f1xx_hal.o"
arm-none-eabi-gcc "../Drivers/STM32F1xx_HAL_Driver/Src/stm32f1xx_hal_cortex.c" -mcpu=cortex-m3 -std=gnu11 -g3 -DDEBUG -DUSE_HAL_DRIVER -DSTM32F103x6 -c -I../Core/Inc -I../Drivers/STM32F1xx_HAL_Driver/Inc/Legacy -I../Drivers/STM32F1xx_HAL_Driver/Inc -I../Drivers/CMSIS/Device/ST/STM32F1xx/Include -I../Drivers/CMSIS/Include -O0 -ffunction-sections -fdata-sections -Wall -fstack-usage -MMD -MP -MF"Drivers/STM32F1xx_HAL_Driver/Src/stm32f1xx_hal_cortex.d" -MT"Drivers/STM32F1xx_HAL_Driver/Src/stm32f1xx_hal_cortex.o" --specs=nano.specs -mfloat-abi=soft -mthumb -o "Drivers/STM32F1xx_HAL_Driver/Src/stm32f1xx_hal_cortex.o"
arm-none-eabi-gcc "../Drivers/STM32F1xx_HAL_Driver/Src/stm32f1xx_hal_dma.c" -mcpu=cortex-m3 -std=gnu11 -g3 -DDEBUG -DUSE_HAL_DRIVER -DSTM32F103x6 -c -I../Core/Inc -I../Drivers/STM32F1xx_HAL_Driver/Inc/Legacy -I../Drivers/STM32F1xx_HAL_Driver/Inc -I../Drivers/CMSIS/Device/ST/STM32F1xx/Include -I../Drivers/CMSIS/Include -O0 -ffunction-sections -fdata-sections -Wall -fstack-usage -MMD -MP -MF"Drivers/STM32F1xx_HAL_Driver/Src/stm32f1xx_hal_dma.d" -MT"Drivers/STM32F1xx_HAL_Driver/Src/stm32f1xx_hal_dma.o" --specs=nano.specs -mfloat-abi=soft -mthumb -o "Drivers/STM32F1xx_HAL_Driver/Src/stm32f1xx_hal_dma.o"
arm-none-eabi-gcc "../Drivers/STM32F1xx_HAL_Driver/Src/stm32f1xx_hal_exti.c" -mcpu=cortex-m3 -std=gnu11 -g3 -DDEBUG -DUSE_HAL_DRIVER -DSTM32F103x6 -c -I../Core/Inc -I../Drivers/STM32F1xx_HAL_Driver/Inc/Legacy -I../Drivers/STM32F1xx_HAL_Driver/Inc -I../Drivers/CMSIS/Device/ST/STM32F1xx/Include -I../Drivers/CMSIS/Include -O0 -ffunction-sections -fdata-sections -Wall -fstack-usage -MMD -MP -MF"Drivers/STM32F1xx_HAL_Driver/Src/stm32f1xx_hal_exti.d" -MT"Drivers/STM32F1xx_HAL_Driver/Src/stm32f1xx_hal_exti.o" --specs=nano.specs -mfloat-abi=soft -mthumb -o "Drivers/STM32F1xx_HAL_Driver/Src/stm32f1xx_hal_exti.o"
arm-none-eabi-gcc "../Drivers/STM32F1xx_HAL_Driver/Src/stm32f1xx_hal_flash.c" -mcpu=cortex-m3 -std=gnu11 -g3 -DDEBUG -DUSE_HAL_DRIVER -DSTM32F103x6 -c -I../Core/Inc -I../Drivers/STM32F1xx_HAL_Driver/Inc/Legacy -I../Drivers/STM32F1xx_HAL_Driver/Inc -I../Drivers/CMSIS/Device/ST/STM32F1xx/Include -I../Drivers/CMSIS/Include -O0 -ffunction-sections -fdata-sections -Wall -fstack-usage -MMD -MP -MF"Drivers/STM32F1xx_HAL_Driver/Src/stm32f1xx_hal_flash.d" -MT"Drivers/STM32F1xx_HAL_Driver/Src/stm32f1xx_hal_flash.o" --specs=nano.specs -mfloat-abi=soft -mthumb -o "Drivers/STM32F1xx_HAL_Driver/Src/stm32f1xx_hal_flash.o"
arm-none-eabi-gcc "../Drivers/STM32F1xx_HAL_Driver/Src/stm32f1xx_hal_flash_ex.c" -mcpu=cortex-m3 -std=gnu11 -g3 -DDEBUG -DUSE_HAL_DRIVER -DSTM32F103x6 -c -I../Core/Inc -I../Drivers/STM32F1xx_HAL_Driver/Inc/Legacy -I../Drivers/STM32F1xx_HAL_Driver/Inc -I../Drivers/CMSIS/Device/ST/STM32F1xx/Include -I../Drivers/CMSIS/Include -O0 -ffunction-sections -fdata-sections -Wall -fstack-usage -MMD -MP -MF"Drivers/STM32F1xx_HAL_Driver/Src/stm32f1xx_hal_flash_ex.d" -MT"Drivers/STM32F1xx_HAL_Driver/Src/stm32f1xx_hal_flash_ex.o" --specs=nano.specs -mfloat-abi=soft -mthumb -o "Drivers/STM32F1xx_HAL_Driver/Src/stm32f1xx_hal_flash_ex.o"
arm-none-eabi-gcc "../Drivers/STM32F1xx_HAL_Driver/Src/stm32f1xx_hal_gpio.c" -mcpu=cortex-m3 -std=gnu11 -g3 -DDEBUG -DUSE_HAL_DRIVER -DSTM32F103x6 -c -I../Core/Inc -I../Drivers/STM32F1xx_HAL_Driver/Inc/Legacy -I../Drivers/STM32F1xx_HAL_Driver/Inc -I../Drivers/CMSIS/Device/ST/STM32F1xx/Include -I../Drivers/CMSIS/Include -O0 -ffunction-sections -fdata-sections -Wall -fstack-usage -MMD -MP -MF"Drivers/STM32F1xx_HAL_Driver/Src/stm32f1xx_hal_gpio.d" -MT"Drivers/STM32F1xx_HAL_Driver/Src/stm32f1xx_hal_gpio.o" --specs=nano.specs -mfloat-abi=soft -mthumb -o "Drivers/STM32F1xx_HAL_Driver/Src/stm32f1xx_hal_gpio.o"
arm-none-eabi-gcc "../Drivers/STM32F1xx_HAL_Driver/Src/stm32f1xx_hal_gpio_ex.c" -mcpu=cortex-m3 -std=gnu11 -g3 -DDEBUG -DUSE_HAL_DRIVER -DSTM32F103x6 -c -I../Core/Inc -I../Drivers/STM32F1xx_HAL_Driver/Inc/Legacy -I../Drivers/STM32F1xx_HAL_Driver/Inc -I../Drivers/CMSIS/Device/ST/STM32F1xx/Include -I../Drivers/CMSIS/Include -O0 -ffunction-sections -fdata-sections -Wall -fstack-usage -MMD -MP -MF"Drivers/STM32F1xx_HAL_Driver/Src/stm32f1xx_hal_gpio_ex.d" -MT"Drivers/STM32F1xx_HAL_Driver/Src/stm32f1xx_hal_gpio_ex.o" --specs=nano.specs -mfloat-abi=soft -mthumb -o "Drivers/STM32F1xx_HAL_Driver/Src/stm32f1xx_hal_gpio_ex.o"
arm-none-eabi-gcc "../Drivers/STM32F1xx_HAL_Driver/Src/stm32f1xx_hal_pwr.c" -mcpu=cortex-m3 -std=gnu11 -g3 -DDEBUG -DUSE_HAL_DRIVER -DSTM32F103x6 -c -I../Core/Inc -I../Drivers/STM32F1xx_HAL_Driver/Inc/Legacy -I../Drivers/STM32F1xx_HAL_Driver/Inc -I../Drivers/CMSIS/Device/ST/STM32F1xx/Include -I../Drivers/CMSIS/Include -O0 -ffunction-sections -fdata-sections -Wall -fstack-usage -MMD -MP -MF"Drivers/STM32F1xx_HAL_Driver/Src/stm32f1xx_hal_pwr.d" -MT"Drivers/STM32F1xx_HAL_Driver/Src/stm32f1xx_hal_pwr.o" --specs=nano.specs -mfloat-abi=soft -mthumb -o "Drivers/STM32F1xx_HAL_Driver/Src/stm32f1xx_hal_pwr.o"
arm-none-eabi-gcc "../Drivers/STM32F1xx_HAL_Driver/Src/stm32f1xx_hal_rcc.c" -mcpu=cortex-m3 -std=gnu11 -g3 -DDEBUG -DUSE_HAL_DRIVER -DSTM32F103x6 -c -I../Core/Inc -I../Drivers/STM32F1xx_HAL_Driver/Inc/Legacy -I../Drivers/STM32F1xx_HAL_Driver/Inc -I../Drivers/CMSIS/Device/ST/STM32F1xx/Include -I../Drivers/CMSIS/Include -O0 -ffunction-sections -fdata-sections -Wall -fstack-usage -MMD -MP -MF"Drivers/STM32F1xx_HAL_Driver/Src/stm32f1xx_hal_rcc.d" -MT"Drivers/STM32F1xx_HAL_Driver/Src/stm32f1xx_hal_rcc.o" --specs=nano.specs -mfloat-abi=soft -mthumb -o "Drivers/STM32F1xx_HAL_Driver/Src/stm32f1xx_hal_rcc.o"
arm-none-eabi-gcc "../Drivers/STM32F1xx_HAL_Driver/Src/stm32f1xx_hal_rcc_ex.c" -mcpu=cortex-m3 -std=gnu11 -g3 -DDEBUG -DUSE_HAL_DRIVER -DSTM32F103x6 -c -I../Core/Inc -I../Drivers/STM32F1xx_HAL_Driver/Inc/Legacy -I../Drivers/STM32F1xx_HAL_Driver/Inc -I../Drivers/CMSIS/Device/ST/STM32F1xx/Include -I../Drivers/CMSIS/Include -O0 -ffunction-sections -fdata-sections -Wall -fstack-usage -MMD -MP -MF"Drivers/STM32F1xx_HAL_Driver/Src/stm32f1xx_hal_rcc_ex.d" -MT"Drivers/STM32F1xx_HAL_Driver/Src/stm32f1xx_hal_rcc_ex.o" --specs=nano.specs -mfloat-abi=soft -mthumb -o "Drivers/STM32F1xx_HAL_Driver/Src/stm32f1xx_hal_rcc_ex.o"
arm-none-eabi-gcc "../Core/Src/main.c" -mcpu=cortex-m3 -std=gnu11 -g3 -DDEBUG -DUSE_HAL_DRIVER -DSTM32F103x6 -c -I../Core/Inc -I../Drivers/STM32F1xx_HAL_Driver/Inc/Legacy -I../Drivers/STM32F1xx_HAL_Driver/Inc -I../Drivers/CMSIS/Device/ST/STM32F1xx/Include -I../Drivers/CMSIS/Include -O0 -ffunction-sections -fdata-sections -Wall -fstack-usage -MMD -MP -MF"Core/Src/main.d" -MT"Core/Src/main.o" --specs=nano.specs -mfloat-abi=soft -mthumb -o "Core/Src/main.o"
../Core/Src/main.c: In function 'main':
../Core/Src/main.c:120:3: warning: implicit declaration of function 'LCD_init' [-Wimplicit-function-declaration]
  120 |   LCD_init();
      |   ^~~~~~~~
../Core/Src/main.c:146:6: warning: implicit declaration of function 'LCD' [-Wimplicit-function-declaration]
  146 |      LCD(0x01, 0); /* cistimo ekran */
      |      ^~~
../Core/Src/main.c:111:25: warning: variable 'matricaTaster' set but not used [-Wunused-but-set-variable]
  111 |   int matricaLed[3][2], matricaTaster[3][2];
      |                         ^~~~~~~~~~~~~
../Core/Src/main.c: At top level:
../Core/Src/main.c:164:6: warning: conflicting types for 'LCD_init'
  164 | void LCD_init()
      |      ^~~~~~~~
../Core/Src/main.c:120:3: note: previous implicit declaration of 'LCD_init' was here
  120 |   LCD_init();
      |   ^~~~~~~~
../Core/Src/main.c:173:6: warning: conflicting types for 'LCD'
  173 | void LCD(uint8_t val_1, uint8_t cmd)
      |      ^~~
../Core/Src/main.c:146:6: note: previous implicit declaration of 'LCD' was here
  146 |      LCD(0x01, 0); /* cistimo ekran */
      |      ^~~
arm-none-eabi-gcc "../Core/Src/stm32f1xx_hal_msp.c" -mcpu=cortex-m3 -std=gnu11 -g3 -DDEBUG -DUSE_HAL_DRIVER -DSTM32F103x6 -c -I../Core/Inc -I../Drivers/STM32F1xx_HAL_Driver/Inc/Legacy -I../Drivers/STM32F1xx_HAL_Driver/Inc -I../Drivers/CMSIS/Device/ST/STM32F1xx/Include -I../Drivers/CMSIS/Include -O0 -ffunction-sections -fdata-sections -Wall -fstack-usage -MMD -MP -MF"Core/Src/stm32f1xx_hal_msp.d" -MT"Core/Src/stm32f1xx_hal_msp.o" --specs=nano.specs -mfloat-abi=soft -mthumb -o "Core/Src/stm32f1xx_hal_msp.o"
arm-none-eabi-gcc "../Core/Src/stm32f1xx_it.c" -mcpu=cortex-m3 -std=gnu11 -g3 -DDEBUG -DUSE_HAL_DRIVER -DSTM32F103x6 -c -I../Core/Inc -I../Drivers/STM32F1xx_HAL_Driver/Inc/Legacy -I../Drivers/STM32F1xx_HAL_Driver/Inc -I../Drivers/CMSIS/Device/ST/STM32F1xx/Include -I../Drivers/CMSIS/Include -O0 -ffunction-sections -fdata-sections -Wall -fstack-usage -MMD -MP -MF"Core/Src/stm32f1xx_it.d" -MT"Core/Src/stm32f1xx_it.o" --specs=nano.specs -mfloat-abi=soft -mthumb -o "Core/Src/stm32f1xx_it.o"
arm-none-eabi-gcc "../Core/Src/system_stm32f1xx.c" -mcpu=cortex-m3 -std=gnu11 -g3 -DDEBUG -DUSE_HAL_DRIVER -DSTM32F103x6 -c -I../Core/Inc -I../Drivers/STM32F1xx_HAL_Driver/Inc/Legacy -I../Drivers/STM32F1xx_HAL_Driver/Inc -I../Drivers/CMSIS/Device/ST/STM32F1xx/Include -I../Drivers/CMSIS/Include -O0 -ffunction-sections -fdata-sections -Wall -fstack-usage -MMD -MP -MF"Core/Src/system_stm32f1xx.d" -MT"Core/Src/system_stm32f1xx.o" --specs=nano.specs -mfloat-abi=soft -mthumb -o "Core/Src/system_stm32f1xx.o"
arm-none-eabi-gcc -o "projekat.elf" @"objects.list"   -mcpu=cortex-m3 -T"C:\Users\Luka\Desktop\Projekat za ispit\projekat\STM32F103C6TX_FLASH.ld" --specs=nosys.specs -Wl,-Map="projekat.map" -Wl,--gc-sections -static --specs=nano.specs -mfloat-abi=soft -mthumb -Wl,--start-group -lc -lm -Wl,--end-group
Finished building target: projekat.elf
 
arm-none-eabi-size   projekat.elf 
arm-none-eabi-objdump -h -S  projekat.elf  > "projekat.list"
arm-none-eabi-objcopy  -O ihex  projekat.elf  "projekat.hex"
   text	   data	    bss	    dec	    hex	filename
  10232	    120	   1592	  11944	   2ea8	projekat.elf
Finished building: default.size.stdout
 
Finished building: projekat.hex
 
Finished building: projekat.list
 
12:10:08 **** Incremental Build of configuration Debug for project LCDprimer2 ****
make -j12 all 
arm-none-eabi-size   LCDprimer2.elf 
   text	   data	    bss	    dec	    hex	filename
   6728	     20	   1620	   8368	   20b0	LCDprimer2.elf
Finished building: default.size.stdout
 
12:10:08 **** Incremental Build of configuration Debug for project projekat ****
make -j12 all 
arm-none-eabi-gcc "../Core/Src/main.c" -mcpu=cortex-m3 -std=gnu11 -g3 -DDEBUG -DUSE_HAL_DRIVER -DSTM32F103x6 -c -I../Core/Inc -I../Drivers/STM32F1xx_HAL_Driver/Inc/Legacy -I../Drivers/STM32F1xx_HAL_Driver/Inc -I../Drivers/CMSIS/Device/ST/STM32F1xx/Include -I../Drivers/CMSIS/Include -O0 -ffunction-sections -fdata-sections -Wall -fstack-usage -MMD -MP -MF"Core/Src/main.d" -MT"Core/Src/main.o" --specs=nano.specs -mfloat-abi=soft -mthumb -o "Core/Src/main.o"
../Core/Src/main.c: In function 'main':
../Core/Src/main.c:122:3: warning: implicit declaration of function 'LCD_init' [-Wimplicit-function-declaration]
  122 |   LCD_init();
      |   ^~~~~~~~
../Core/Src/main.c:136:33: error: 'led' undeclared (first use in this function); did you mean 'led1'?
  136 |        HAL_GPIO_WritePin(GPIOA, led+"randBr", GPIO_PIN_RESET);
      |                                 ^~~
      |                                 led1
../Core/Src/main.c:136:33: note: each undeclared identifier is reported only once for each function it appears in
../Core/Src/main.c:148:6: warning: implicit declaration of function 'LCD' [-Wimplicit-function-declaration]
  148 |      LCD(0x01, 0); /* cistimo ekran */
      |      ^~~
../Core/Src/main.c: At top level:
../Core/Src/main.c:166:6: warning: conflicting types for 'LCD_init'
  166 | void LCD_init()
      |      ^~~~~~~~
../Core/Src/main.c:122:3: note: previous implicit declaration of 'LCD_init' was here
  122 |   LCD_init();
      |   ^~~~~~~~
../Core/Src/main.c:175:6: warning: conflicting types for 'LCD'
  175 | void LCD(uint8_t val_1, uint8_t cmd)
      |      ^~~
../Core/Src/main.c:148:6: note: previous implicit declaration of 'LCD' was here
  148 |      LCD(0x01, 0); /* cistimo ekran */
      |      ^~~
make: *** [Core/Src/subdir.mk:34: Core/Src/main.o] Error 1
"make -j12 all" terminated with exit code 2. Build might be incomplete.
12:14:09 **** Incremental Build of configuration Debug for project LCDprimer2 ****
make -j12 all 
arm-none-eabi-size   LCDprimer2.elf 
   text	   data	    bss	    dec	    hex	filename
   6728	     20	   1620	   8368	   20b0	LCDprimer2.elf
Finished building: default.size.stdout
 
12:14:10 **** Incremental Build of configuration Debug for project projekat ****
make -j12 all 
arm-none-eabi-gcc "../Core/Src/main.c" -mcpu=cortex-m3 -std=gnu11 -g3 -DDEBUG -DUSE_HAL_DRIVER -DSTM32F103x6 -c -I../Core/Inc -I../Drivers/STM32F1xx_HAL_Driver/Inc/Legacy -I../Drivers/STM32F1xx_HAL_Driver/Inc -I../Drivers/CMSIS/Device/ST/STM32F1xx/Include -I../Drivers/CMSIS/Include -O0 -ffunction-sections -fdata-sections -Wall -fstack-usage -MMD -MP -MF"Core/Src/main.d" -MT"Core/Src/main.o" --specs=nano.specs -mfloat-abi=soft -mthumb -o "Core/Src/main.o"
../Core/Src/main.c: In function 'main':
../Core/Src/main.c:122:3: warning: implicit declaration of function 'LCD_init' [-Wimplicit-function-declaration]
  122 |   LCD_init();
      |   ^~~~~~~~
../Core/Src/main.c:123:8: warning: unused variable 'poruka' [-Wunused-variable]
  123 |   char poruka[]="Zdravo svete";
      |        ^~~~~~
../Core/Src/main.c:114:7: warning: variable 'matricaLed' set but not used [-Wunused-but-set-variable]
  114 |   int matricaLed[3][2], matricaTaster[3][2];
      |       ^~~~~~~~~~
../Core/Src/main.c: At top level:
../Core/Src/main.c:144:10: error: expected declaration specifiers or '...' before numeric constant
  144 |      LCD(0x01, 0); /* cistimo ekran */
      |          ^~~~
../Core/Src/main.c:144:16: error: expected declaration specifiers or '...' before numeric constant
  144 |      LCD(0x01, 0); /* cistimo ekran */
      |                ^
../Core/Src/main.c:146:6: error: expected identifier or '(' before 'while'
  146 |      while(poruka[i]){
      |      ^~~~~
../Core/Src/main.c:151:16: error: expected declaration specifiers or '...' before numeric constant
  151 |      HAL_Delay(1000);
      |                ^~~~
../Core/Src/main.c:152:10: error: expected declaration specifiers or '...' before numeric constant
  152 |      LCD(0x01, 0); /* cistimo ekran */
      |          ^~~~
../Core/Src/main.c:152:16: error: expected declaration specifiers or '...' before numeric constant
  152 |      LCD(0x01, 0); /* cistimo ekran */
      |                ^
../Core/Src/main.c:154:16: error: expected declaration specifiers or '...' before numeric constant
  154 |      HAL_Delay(500);
      |                ^~~
../Core/Src/main.c:156:3: error: expected identifier or '(' before '}' token
  156 |   }
      |   ^
../Core/Src/main.c:159:1: error: expected identifier or '(' before '}' token
  159 | }
      | ^
../Core/Src/main.c:162:6: warning: conflicting types for 'LCD_init'
  162 | void LCD_init()
      |      ^~~~~~~~
../Core/Src/main.c:122:3: note: previous implicit declaration of 'LCD_init' was here
  122 |   LCD_init();
      |   ^~~~~~~~
../Core/Src/main.c: In function 'LCD_init':
../Core/Src/main.c:164:2: warning: implicit declaration of function 'LCD' [-Wimplicit-function-declaration]
  164 |  LCD(0x38, 0); //2 lines, 5*7 matrix
      |  ^~~
../Core/Src/main.c: At top level:
../Core/Src/main.c:171:6: warning: conflicting types for 'LCD'
  171 | void LCD(uint8_t val_1, uint8_t cmd)
      |      ^~~
../Core/Src/main.c:164:2: note: previous implicit declaration of 'LCD' was here
  164 |  LCD(0x38, 0); //2 lines, 5*7 matrix
      |  ^~~
make: *** [Core/Src/subdir.mk:34: Core/Src/main.o] Error 1
"make -j12 all" terminated with exit code 2. Build might be incomplete.
12:14:47 **** Incremental Build of configuration Debug for project LCDprimer2 ****
make -j12 all 
arm-none-eabi-size   LCDprimer2.elf 
   text	   data	    bss	    dec	    hex	filename
   6728	     20	   1620	   8368	   20b0	LCDprimer2.elf
Finished building: default.size.stdout
 
12:14:47 **** Incremental Build of configuration Debug for project projekat ****
make -j12 all 
arm-none-eabi-gcc "../Core/Src/main.c" -mcpu=cortex-m3 -std=gnu11 -g3 -DDEBUG -DUSE_HAL_DRIVER -DSTM32F103x6 -c -I../Core/Inc -I../Drivers/STM32F1xx_HAL_Driver/Inc/Legacy -I../Drivers/STM32F1xx_HAL_Driver/Inc -I../Drivers/CMSIS/Device/ST/STM32F1xx/Include -I../Drivers/CMSIS/Include -O0 -ffunction-sections -fdata-sections -Wall -fstack-usage -MMD -MP -MF"Core/Src/main.d" -MT"Core/Src/main.o" --specs=nano.specs -mfloat-abi=soft -mthumb -o "Core/Src/main.o"
../Core/Src/main.c: In function 'main':
../Core/Src/main.c:122:3: warning: implicit declaration of function 'LCD_init' [-Wimplicit-function-declaration]
  122 |   LCD_init();
      |   ^~~~~~~~
../Core/Src/main.c:144:6: warning: implicit declaration of function 'LCD' [-Wimplicit-function-declaration]
  144 |      LCD(0x01, 0); /* cistimo ekran */
      |      ^~~
../Core/Src/main.c:114:7: warning: variable 'matricaLed' set but not used [-Wunused-but-set-variable]
  114 |   int matricaLed[3][2], matricaTaster[3][2];
      |       ^~~~~~~~~~
../Core/Src/main.c: At top level:
../Core/Src/main.c:162:6: warning: conflicting types for 'LCD_init'
  162 | void LCD_init()
      |      ^~~~~~~~
../Core/Src/main.c:122:3: note: previous implicit declaration of 'LCD_init' was here
  122 |   LCD_init();
      |   ^~~~~~~~
../Core/Src/main.c:171:6: warning: conflicting types for 'LCD'
  171 | void LCD(uint8_t val_1, uint8_t cmd)
      |      ^~~
../Core/Src/main.c:144:6: note: previous implicit declaration of 'LCD' was here
  144 |      LCD(0x01, 0); /* cistimo ekran */
      |      ^~~
arm-none-eabi-gcc -o "projekat.elf" @"objects.list"   -mcpu=cortex-m3 -T"C:\Users\Luka\Desktop\Projekat za ispit\projekat\STM32F103C6TX_FLASH.ld" --specs=nosys.specs -Wl,-Map="projekat.map" -Wl,--gc-sections -static --specs=nano.specs -mfloat-abi=soft -mthumb -Wl,--start-group -lc -lm -Wl,--end-group
Finished building target: projekat.elf
 
arm-none-eabi-size   projekat.elf 
arm-none-eabi-objdump -h -S  projekat.elf  > "projekat.list"
arm-none-eabi-objcopy  -O ihex  projekat.elf  "projekat.hex"
   text	   data	    bss	    dec	    hex	filename
  10148	    120	   1592	  11860	   2e54	projekat.elf
Finished building: default.size.stdout
 
Finished building: projekat.hex
 
Finished building: projekat.list
 
12:17:25 **** Incremental Build of configuration Debug for project LCDprimer2 ****
make -j12 all 
arm-none-eabi-size   LCDprimer2.elf 
   text	   data	    bss	    dec	    hex	filename
   6728	     20	   1620	   8368	   20b0	LCDprimer2.elf
Finished building: default.size.stdout
 
12:17:25 **** Incremental Build of configuration Debug for project projekat ****
make -j12 all 
arm-none-eabi-gcc "../Core/Src/main.c" -mcpu=cortex-m3 -std=gnu11 -g3 -DDEBUG -DUSE_HAL_DRIVER -DSTM32F103x6 -c -I../Core/Inc -I../Drivers/STM32F1xx_HAL_Driver/Inc/Legacy -I../Drivers/STM32F1xx_HAL_Driver/Inc -I../Drivers/CMSIS/Device/ST/STM32F1xx/Include -I../Drivers/CMSIS/Include -O0 -ffunction-sections -fdata-sections -Wall -fstack-usage -MMD -MP -MF"Core/Src/main.d" -MT"Core/Src/main.o" --specs=nano.specs -mfloat-abi=soft -mthumb -o "Core/Src/main.o"
../Core/Src/main.c: In function 'main':
../Core/Src/main.c:114:24: warning: missing braces around initializer [-Wmissing-braces]
  114 |   int matricaLed[3][2]={1,2,3,4,5,6}, matricaTaster[3][2]={1,2,3,4,5,6};
      |                        ^
      |                         {  }{  }{  }
../Core/Src/main.c:114:59: warning: missing braces around initializer [-Wmissing-braces]
  114 |   int matricaLed[3][2]={1,2,3,4,5,6}, matricaTaster[3][2]={1,2,3,4,5,6};
      |                                                           ^
      |                                                            {  }{  }{  }
../Core/Src/main.c:138:20: warning: "/*" within comment [-Wcomment]
  138 |      LCD(0x01, 0); /* cistimo ekran
      |                     
../Core/Src/main.c:146:20: warning: "/*" within comment [-Wcomment]
  146 |      LCD(0x01, 0); /* cistimo ekran
      |                     
../Core/Src/main.c:114:39: warning: unused variable 'matricaTaster' [-Wunused-variable]
  114 |   int matricaLed[3][2]={1,2,3,4,5,6}, matricaTaster[3][2]={1,2,3,4,5,6};
      |                                       ^~~~~~~~~~~~~
../Core/Src/main.c:114:7: warning: unused variable 'matricaLed' [-Wunused-variable]
  114 |   int matricaLed[3][2]={1,2,3,4,5,6}, matricaTaster[3][2]={1,2,3,4,5,6};
      |       ^~~~~~~~~~
../Core/Src/main.c: In function 'LCD_init':
../Core/Src/main.c:159:2: warning: implicit declaration of function 'LCD' [-Wimplicit-function-declaration]
  159 |  LCD(0x38, 0); //2 lines, 5*7 matrix
      |  ^~~
../Core/Src/main.c: At top level:
../Core/Src/main.c:166:6: warning: conflicting types for 'LCD'
  166 | void LCD(uint8_t val_1, uint8_t cmd)
      |      ^~~
../Core/Src/main.c:159:2: note: previous implicit declaration of 'LCD' was here
  159 |  LCD(0x38, 0); //2 lines, 5*7 matrix
      |  ^~~
arm-none-eabi-gcc -o "projekat.elf" @"objects.list"   -mcpu=cortex-m3 -T"C:\Users\Luka\Desktop\Projekat za ispit\projekat\STM32F103C6TX_FLASH.ld" --specs=nosys.specs -Wl,-Map="projekat.map" -Wl,--gc-sections -static --specs=nano.specs -mfloat-abi=soft -mthumb -Wl,--start-group -lc -lm -Wl,--end-group
Finished building target: projekat.elf
 
arm-none-eabi-size   projekat.elf 
arm-none-eabi-objdump -h -S  projekat.elf  > "projekat.list"
arm-none-eabi-objcopy  -O ihex  projekat.elf  "projekat.hex"
   text	   data	    bss	    dec	    hex	filename
   9612	    120	   1592	  11324	   2c3c	projekat.elf
Finished building: default.size.stdout
 
Finished building: projekat.hex
 
Finished building: projekat.list
 
12:18:53 **** Incremental Build of configuration Debug for project LCDprimer2 ****
make -j12 all 
arm-none-eabi-size   LCDprimer2.elf 
   text	   data	    bss	    dec	    hex	filename
   6728	     20	   1620	   8368	   20b0	LCDprimer2.elf
Finished building: default.size.stdout
 
12:18:53 **** Incremental Build of configuration Debug for project projekat ****
make -j12 all 
arm-none-eabi-gcc "../Core/Src/main.c" -mcpu=cortex-m3 -std=gnu11 -g3 -DDEBUG -DUSE_HAL_DRIVER -DSTM32F103x6 -c -I../Core/Inc -I../Drivers/STM32F1xx_HAL_Driver/Inc/Legacy -I../Drivers/STM32F1xx_HAL_Driver/Inc -I../Drivers/CMSIS/Device/ST/STM32F1xx/Include -I../Drivers/CMSIS/Include -O0 -ffunction-sections -fdata-sections -Wall -fstack-usage -MMD -MP -MF"Core/Src/main.d" -MT"Core/Src/main.o" --specs=nano.specs -mfloat-abi=soft -mthumb -o "Core/Src/main.o"
../Core/Src/main.c: In function 'main':
../Core/Src/main.c:114:24: warning: missing braces around initializer [-Wmissing-braces]
  114 |   int matricaLed[3][2]={1,2,3,4,5,6}, matricaTaster[3][2]={1,2,3,4,5,6};
      |                        ^
      |                         {  }{  }{  }
../Core/Src/main.c:114:59: warning: missing braces around initializer [-Wmissing-braces]
  114 |   int matricaLed[3][2]={1,2,3,4,5,6}, matricaTaster[3][2]={1,2,3,4,5,6};
      |                                                           ^
      |                                                            {  }{  }{  }
../Core/Src/main.c:138:20: warning: "/*" within comment [-Wcomment]
  138 |      LCD(0x01, 0); /* cistimo ekran
      |                     
../Core/Src/main.c:146:20: warning: "/*" within comment [-Wcomment]
  146 |      LCD(0x01, 0); /* cistimo ekran
      |                     
../Core/Src/main.c:114:39: warning: unused variable 'matricaTaster' [-Wunused-variable]
  114 |   int matricaLed[3][2]={1,2,3,4,5,6}, matricaTaster[3][2]={1,2,3,4,5,6};
      |                                       ^~~~~~~~~~~~~
../Core/Src/main.c:114:7: warning: unused variable 'matricaLed' [-Wunused-variable]
  114 |   int matricaLed[3][2]={1,2,3,4,5,6}, matricaTaster[3][2]={1,2,3,4,5,6};
      |       ^~~~~~~~~~
../Core/Src/main.c: In function 'LCD_init':
../Core/Src/main.c:159:2: warning: implicit declaration of function 'LCD' [-Wimplicit-function-declaration]
  159 |  LCD(0x38, 0); //2 lines, 5*7 matrix
      |  ^~~
../Core/Src/main.c: At top level:
../Core/Src/main.c:166:6: warning: conflicting types for 'LCD'
  166 | void LCD(uint8_t val_1, uint8_t cmd)
      |      ^~~
../Core/Src/main.c:159:2: note: previous implicit declaration of 'LCD' was here
  159 |  LCD(0x38, 0); //2 lines, 5*7 matrix
      |  ^~~
arm-none-eabi-gcc -o "projekat.elf" @"objects.list"   -mcpu=cortex-m3 -T"C:\Users\Luka\Desktop\Projekat za ispit\projekat\STM32F103C6TX_FLASH.ld" --specs=nosys.specs -Wl,-Map="projekat.map" -Wl,--gc-sections -static --specs=nano.specs -mfloat-abi=soft -mthumb -Wl,--start-group -lc -lm -Wl,--end-group
Finished building target: projekat.elf
 
arm-none-eabi-size   projekat.elf 
arm-none-eabi-objdump -h -S  projekat.elf  > "projekat.list"
arm-none-eabi-objcopy  -O ihex  projekat.elf  "projekat.hex"
   text	   data	    bss	    dec	    hex	filename
   9612	    120	   1592	  11324	   2c3c	projekat.elf
Finished building: default.size.stdout
 
Finished building: projekat.hex
 
Finished building: projekat.list
 
12:19:52 **** Incremental Build of configuration Debug for project LCDprimer2 ****
make -j12 all 
arm-none-eabi-size   LCDprimer2.elf 
   text	   data	    bss	    dec	    hex	filename
   6728	     20	   1620	   8368	   20b0	LCDprimer2.elf
Finished building: default.size.stdout
 
12:19:52 **** Incremental Build of configuration Debug for project projekat ****
make -j12 all 
arm-none-eabi-gcc "../Core/Src/main.c" -mcpu=cortex-m3 -std=gnu11 -g3 -DDEBUG -DUSE_HAL_DRIVER -DSTM32F103x6 -c -I../Core/Inc -I../Drivers/STM32F1xx_HAL_Driver/Inc/Legacy -I../Drivers/STM32F1xx_HAL_Driver/Inc -I../Drivers/CMSIS/Device/ST/STM32F1xx/Include -I../Drivers/CMSIS/Include -O0 -ffunction-sections -fdata-sections -Wall -fstack-usage -MMD -MP -MF"Core/Src/main.d" -MT"Core/Src/main.o" --specs=nano.specs -mfloat-abi=soft -mthumb -o "Core/Src/main.o"
../Core/Src/main.c: In function 'main':
../Core/Src/main.c:114:24: warning: missing braces around initializer [-Wmissing-braces]
  114 |   int matricaLed[3][2]={1,2,3,4,5,6}, matricaTaster[3][2]={1,2,3,4,5,6};
      |                        ^
      |                         {  }{  }{  }
../Core/Src/main.c:114:59: warning: missing braces around initializer [-Wmissing-braces]
  114 |   int matricaLed[3][2]={1,2,3,4,5,6}, matricaTaster[3][2]={1,2,3,4,5,6};
      |                                                           ^
      |                                                            {  }{  }{  }
../Core/Src/main.c:143:20: warning: "/*" within comment [-Wcomment]
  143 |      LCD(0x01, 0); /* cistimo ekran
      |                     
../Core/Src/main.c:151:20: warning: "/*" within comment [-Wcomment]
  151 |      LCD(0x01, 0); /* cistimo ekran
      |                     
../Core/Src/main.c:114:39: warning: unused variable 'matricaTaster' [-Wunused-variable]
  114 |   int matricaLed[3][2]={1,2,3,4,5,6}, matricaTaster[3][2]={1,2,3,4,5,6};
      |                                       ^~~~~~~~~~~~~
../Core/Src/main.c:114:7: warning: unused variable 'matricaLed' [-Wunused-variable]
  114 |   int matricaLed[3][2]={1,2,3,4,5,6}, matricaTaster[3][2]={1,2,3,4,5,6};
      |       ^~~~~~~~~~
../Core/Src/main.c: In function 'LCD_init':
../Core/Src/main.c:164:2: warning: implicit declaration of function 'LCD' [-Wimplicit-function-declaration]
  164 |  LCD(0x38, 0); //2 lines, 5*7 matrix
      |  ^~~
../Core/Src/main.c: At top level:
../Core/Src/main.c:171:6: warning: conflicting types for 'LCD'
  171 | void LCD(uint8_t val_1, uint8_t cmd)
      |      ^~~
../Core/Src/main.c:164:2: note: previous implicit declaration of 'LCD' was here
  164 |  LCD(0x38, 0); //2 lines, 5*7 matrix
      |  ^~~
arm-none-eabi-gcc -o "projekat.elf" @"objects.list"   -mcpu=cortex-m3 -T"C:\Users\Luka\Desktop\Projekat za ispit\projekat\STM32F103C6TX_FLASH.ld" --specs=nosys.specs -Wl,-Map="projekat.map" -Wl,--gc-sections -static --specs=nano.specs -mfloat-abi=soft -mthumb -Wl,--start-group -lc -lm -Wl,--end-group
Finished building target: projekat.elf
 
arm-none-eabi-size   projekat.elf 
arm-none-eabi-objdump -h -S  projekat.elf  > "projekat.list"
arm-none-eabi-objcopy  -O ihex  projekat.elf  "projekat.hex"
   text	   data	    bss	    dec	    hex	filename
   9656	    120	   1592	  11368	   2c68	projekat.elf
Finished building: default.size.stdout
 
Finished building: projekat.hex
 
Finished building: projekat.list
 
13:01:52 **** Incremental Build of configuration Debug for project LCDprimer2 ****
make -j12 all 
arm-none-eabi-size   LCDprimer2.elf 
   text	   data	    bss	    dec	    hex	filename
[...]
../Core/Src/main.c: In function 'main':
../Core/Src/main.c:116:24: warning: missing braces around initializer [-Wmissing-braces]
  116 |   int matricaLed[3][2]={1,2,3,4,5,6}, matricaTaster[3][2]={1,2,3,4,5,6};
      |                        ^
      |                         {  }{  }{  }
../Core/Src/main.c:116:59: warning: missing braces around initializer [-Wmissing-braces]
  116 |   int matricaLed[3][2]={1,2,3,4,5,6}, matricaTaster[3][2]={1,2,3,4,5,6};
      |                                                           ^
      |                                                            {  }{  }{  }
../Core/Src/main.c:119:3: warning: implicit declaration of function 'LCD_init' [-Wimplicit-function-declaration]
  119 |   LCD_init();
      |   ^~~~~~~~
../Core/Src/main.c:129:12: warning: implicit declaration of function 'paljenjeNasumicneDiode' [-Wimplicit-function-declaration]
  129 |     int br=paljenjeNasumicneDiode();
      |            ^~~~~~~~~~~~~~~~~~~~~~
../Core/Src/main.c:154:4: warning: implicit declaration of function 'LCD' [-Wimplicit-function-declaration]
  154 |    LCD(0x01, 0); /* cistimo ekran*/
      |    ^~~
../Core/Src/main.c:164:6: warning: implicit declaration of function 'sprintf' [-Wimplicit-function-declaration]
  164 |      sprintf(buffer, "%d", poeni);
      |      ^~~~~~~
../Core/Src/main.c:164:6: warning: incompatible implicit declaration of built-in function 'sprintf'
../Core/Src/main.c:23:1: note: include '<stdio.h>' or provide a declaration of 'sprintf'
   22 | #include "string.h"
  +++ |+#include <stdio.h>
   23 | 
../Core/Src/main.c:165:10: error: redefinition of 'i'
  165 |      int i=0;
      |          ^
../Core/Src/main.c:156:10: note: previous definition of 'i' was here
  156 |      int i=0;
      |          ^
../Core/Src/main.c:116:7: warning: unused variable 'matricaLed' [-Wunused-variable]
  116 |   int matricaLed[3][2]={1,2,3,4,5,6}, matricaTaster[3][2]={1,2,3,4,5,6};
      |       ^~~~~~~~~~
../Core/Src/main.c: At top level:
../Core/Src/main.c:183:6: warning: conflicting types for 'LCD_init'
  183 | void LCD_init()
      |      ^~~~~~~~
../Core/Src/main.c:119:3: note: previous implicit declaration of 'LCD_init' was here
  119 |   LCD_init();
      |   ^~~~~~~~
../Core/Src/main.c:192:6: warning: conflicting types for 'LCD'
  192 | void LCD(uint8_t val_1, uint8_t cmd)
      |      ^~~
../Core/Src/main.c:154:4: note: previous implicit declaration of 'LCD' was here
  154 |    LCD(0x01, 0); /* cistimo ekran*/
      |    ^~~
make: *** [Core/Src/subdir.mk:34: Core/Src/main.o] Error 1
"make -j12 all" terminated with exit code 2. Build might be incomplete.
13:51:19 **** Incremental Build of configuration Debug for project LCDprimer2 ****
make -j12 all 
arm-none-eabi-size   LCDprimer2.elf 
   text	   data	    bss	    dec	    hex	filename
   6728	     20	   1620	   8368	   20b0	LCDprimer2.elf
Finished building: default.size.stdout
 
13:51:20 **** Incremental Build of configuration Debug for project projekat ****
make -j12 all 
arm-none-eabi-gcc "../Core/Src/main.c" -mcpu=cortex-m3 -std=gnu11 -g3 -DDEBUG -DUSE_HAL_DRIVER -DSTM32F103x6 -c -I../Core/Inc -I../Drivers/STM32F1xx_HAL_Driver/Inc/Legacy -I../Drivers/STM32F1xx_HAL_Driver/Inc -I../Drivers/CMSIS/Device/ST/STM32F1xx/Include -I../Drivers/CMSIS/Include -O0 -ffunction-sections -fdata-sections -Wall -fstack-usage -MMD -MP -MF"Core/Src/main.d" -MT"Core/Src/main.o" --specs=nano.specs -mfloat-abi=soft -mthumb -o "Core/Src/main.o"
../Core/Src/main.c: In function 'main':
../Core/Src/main.c:116:24: warning: missing braces around initializer [-Wmissing-braces]
  116 |   int matricaLed[3][2]={1,2,3,4,5,6}, matricaTaster[3][2]={1,2,3,4,5,6};
      |                        ^
      |                         {  }{  }{  }
../Core/Src/main.c:116:59: warning: missing braces around initializer [-Wmissing-braces]
  116 |   int matricaLed[3][2]={1,2,3,4,5,6}, matricaTaster[3][2]={1,2,3,4,5,6};
      |                                                           ^
      |                                                            {  }{  }{  }
../Core/Src/main.c:119:3: warning: implicit declaration of function 'LCD_init' [-Wimplicit-function-declaration]
  119 |   LCD_init();
      |   ^~~~~~~~
../Core/Src/main.c:129:12: warning: implicit declaration of function 'paljenjeNasumicneDiode' [-Wimplicit-function-declaration]
  129 |     int br=paljenjeNasumicneDiode();
      |            ^~~~~~~~~~~~~~~~~~~~~~
../Core/Src/main.c:154:4: warning: implicit declaration of function 'LCD' [-Wimplicit-function-declaration]
  154 |    LCD(0x01, 0); /* cistimo ekran*/
      |    ^~~
../Core/Src/main.c:164:6: warning: implicit declaration of function 'sprintf' [-Wimplicit-function-declaration]
  164 |      sprintf(buffer, "%d", poeni);
      |      ^~~~~~~
../Core/Src/main.c:164:6: warning: incompatible implicit declaration of built-in function 'sprintf'
../Core/Src/main.c:23:1: note: include '<stdio.h>' or provide a declaration of 'sprintf'
   22 | #include "string.h"
  +++ |+#include <stdio.h>
   23 | 
../Core/Src/main.c:116:7: warning: unused variable 'matricaLed' [-Wunused-variable]
  116 |   int matricaLed[3][2]={1,2,3,4,5,6}, matricaTaster[3][2]={1,2,3,4,5,6};
      |       ^~~~~~~~~~
../Core/Src/main.c: At top level:
../Core/Src/main.c:183:6: warning: conflicting types for 'LCD_init'
  183 | void LCD_init()
      |      ^~~~~~~~
../Core/Src/main.c:119:3: note: previous implicit declaration of 'LCD_init' was here
  119 |   LCD_init();
      |   ^~~~~~~~
../Core/Src/main.c:192:6: warning: conflicting types for 'LCD'
  192 | void LCD(uint8_t val_1, uint8_t cmd)
      |      ^~~
../Core/Src/main.c:154:4: note: previous implicit declaration of 'LCD' was here
  154 |    LCD(0x01, 0); /* cistimo ekran*/
      |    ^~~
arm-none-eabi-gcc -o "projekat.elf" @"objects.list"   -mcpu=cortex-m3 -T"C:\Users\Luka\Desktop\Projekat za ispit\projekat\STM32F103C6TX_FLASH.ld" --specs=nosys.specs -Wl,-Map="projekat.map" -Wl,--gc-sections -static --specs=nano.specs -mfloat-abi=soft -mthumb -Wl,--start-group -lc -lm -Wl,--end-group
Finished building target: projekat.elf
 
arm-none-eabi-size   projekat.elf 
arm-none-eabi-objdump -h -S  projekat.elf  > "projekat.list"
arm-none-eabi-objcopy  -O ihex  projekat.elf  "projekat.hex"
   text	   data	    bss	    dec	    hex	filename
  11804	    132	   1588	  13524	   34d4	projekat.elf
Finished building: default.size.stdout
 
Finished building: projekat.hex
 
Finished building: projekat.list
 
13:52:20 **** Incremental Build of configuration Debug for project LCDprimer2 ****
make -j12 all 
arm-none-eabi-size   LCDprimer2.elf 
   text	   data	    bss	    dec	    hex	filename
   6728	     20	   1620	   8368	   20b0	LCDprimer2.elf
Finished building: default.size.stdout
 
13:52:20 **** Incremental Build of configuration Debug for project projekat ****
make -j12 all 
arm-none-eabi-gcc "../Core/Src/main.c" -mcpu=cortex-m3 -std=gnu11 -g3 -DDEBUG -DUSE_HAL_DRIVER -DSTM32F103x6 -c -I../Core/Inc -I../Drivers/STM32F1xx_HAL_Driver/Inc/Legacy -I../Drivers/STM32F1xx_HAL_Driver/Inc -I../Drivers/CMSIS/Device/ST/STM32F1xx/Include -I../Drivers/CMSIS/Include -O0 -ffunction-sections -fdata-sections -Wall -fstack-usage -MMD -MP -MF"Core/Src/main.d" -MT"Core/Src/main.o" --specs=nano.specs -mfloat-abi=soft -mthumb -o "Core/Src/main.o"
../Core/Src/main.c: In function 'main':
../Core/Src/main.c:116:24: warning: missing braces around initializer [-Wmissing-braces]
  116 |   int matricaLed[3][2]={1,2,3,4,5,6}, matricaTaster[3][2]={1,2,3,4,5,6};
      |                        ^
      |                         {  }{  }{  }
../Core/Src/main.c:116:59: warning: missing braces around initializer [-Wmissing-braces]
  116 |   int matricaLed[3][2]={1,2,3,4,5,6}, matricaTaster[3][2]={1,2,3,4,5,6};
      |                                                           ^
      |                                                            {  }{  }{  }
../Core/Src/main.c:119:3: warning: implicit declaration of function 'LCD_init' [-Wimplicit-function-declaration]
  119 |   LCD_init();
      |   ^~~~~~~~
../Core/Src/main.c:129:12: warning: implicit declaration of function 'paljenjeNasumicneDiode' [-Wimplicit-function-declaration]
  129 |     int br=paljenjeNasumicneDiode();
      |            ^~~~~~~~~~~~~~~~~~~~~~
../Core/Src/main.c:154:4: warning: implicit declaration of function 'LCD' [-Wimplicit-function-declaration]
  154 |    LCD(0x01, 0); /* cistimo ekran*/
      |    ^~~
../Core/Src/main.c:164:6: warning: implicit declaration of function 'sprintf' [-Wimplicit-function-declaration]
  164 |      sprintf(buffer, "%d", poeni);
      |      ^~~~~~~
../Core/Src/main.c:164:6: warning: incompatible implicit declaration of built-in function 'sprintf'
../Core/Src/main.c:23:1: note: include '<stdio.h>' or provide a declaration of 'sprintf'
   22 | #include "string.h"
  +++ |+#include <stdio.h>
   23 | 
../Core/Src/main.c:116:7: warning: unused variable 'matricaLed' [-Wunused-variable]
  116 |   int matricaLed[3][2]={1,2,3,4,5,6}, matricaTaster[3][2]={1,2,3,4,5,6};
      |       ^~~~~~~~~~
../Core/Src/main.c: At top level:
../Core/Src/main.c:183:6: warning: conflicting types for 'LCD_init'
  183 | void LCD_init()
      |      ^~~~~~~~
../Core/Src/main.c:119:3: note: previous implicit declaration of 'LCD_init' was here
  119 |   LCD_init();
      |   ^~~~~~~~
../Core/Src/main.c:192:6: warning: conflicting types for 'LCD'
  192 | void LCD(uint8_t val_1, uint8_t cmd)
      |      ^~~
../Core/Src/main.c:154:4: note: previous implicit declaration of 'LCD' was here
  154 |    LCD(0x01, 0); /* cistimo ekran*/
      |    ^~~
arm-none-eabi-gcc -o "projekat.elf" @"objects.list"   -mcpu=cortex-m3 -T"C:\Users\Luka\Desktop\Projekat za ispit\projekat\STM32F103C6TX_FLASH.ld" --specs=nosys.specs -Wl,-Map="projekat.map" -Wl,--gc-sections -static --specs=nano.specs -mfloat-abi=soft -mthumb -Wl,--start-group -lc -lm -Wl,--end-group
Finished building target: projekat.elf
 
arm-none-eabi-size   projekat.elf 
arm-none-eabi-objdump -h -S  projekat.elf  > "projekat.list"
arm-none-eabi-objcopy  -O ihex  projekat.elf  "projekat.hex"
   text	   data	    bss	    dec	    hex	filename
  11800	    132	   1588	  13520	   34d0	projekat.elf
Finished building: default.size.stdout
 
Finished building: projekat.hex
 
Finished building: projekat.list
 
13:54:40 **** Incremental Build of configuration Debug for project LCDprimer2 ****
make -j12 all 
arm-none-eabi-size   LCDprimer2.elf 
   text	   data	    bss	    dec	    hex	filename
   6728	     20	   1620	   8368	   20b0	LCDprimer2.elf
Finished building: default.size.stdout
 
13:54:40 **** Incremental Build of configuration Debug for project projekat ****
make -j12 all 
arm-none-eabi-gcc "../Core/Src/main.c" -mcpu=cortex-m3 -std=gnu11 -g3 -DDEBUG -DUSE_HAL_DRIVER -DSTM32F103x6 -c -I../Core/Inc -I../Drivers/STM32F1xx_HAL_Driver/Inc/Legacy -I../Drivers/STM32F1xx_HAL_Driver/Inc -I../Drivers/CMSIS/Device/ST/STM32F1xx/Include -I../Drivers/CMSIS/Include -O0 -ffunction-sections -fdata-sections -Wall -fstack-usage -MMD -MP -MF"Core/Src/main.d" -MT"Core/Src/main.o" --specs=nano.specs -mfloat-abi=soft -mthumb -o "Core/Src/main.o"
../Core/Src/main.c: In function 'main':
../Core/Src/main.c:116:27: warning: missing braces around initializer [-Wmissing-braces]
  116 |   int matricaTaster[3][2]={1,2,3,4,5,6};
      |                           ^
      |                            {  }{  }{  }
../Core/Src/main.c:119:3: warning: implicit declaration of function 'LCD_init' [-Wimplicit-function-declaration]
  119 |   LCD_init();
      |   ^~~~~~~~
../Core/Src/main.c:129:12: warning: implicit declaration of function 'paljenjeNasumicneDiode' [-Wimplicit-function-declaration]
  129 |     int br=paljenjeNasumicneDiode();
      |            ^~~~~~~~~~~~~~~~~~~~~~
../Core/Src/main.c:154:4: warning: implicit declaration of function 'LCD' [-Wimplicit-function-declaration]
  154 |    LCD(0x01, 0); /* cistimo ekran*/
      |    ^~~
../Core/Src/main.c:164:6: warning: implicit declaration of function 'sprintf' [-Wimplicit-function-declaration]
  164 |      sprintf(buffer, "%d", poeni);
      |      ^~~~~~~
../Core/Src/main.c:164:6: warning: incompatible implicit declaration of built-in function 'sprintf'
../Core/Src/main.c:23:1: note: include '<stdio.h>' or provide a declaration of 'sprintf'
   22 | #include "string.h"
  +++ |+#include <stdio.h>
   23 | 
../Core/Src/main.c: At top level:
../Core/Src/main.c:183:6: warning: conflicting types for 'LCD_init'
  183 | void LCD_init()
      |      ^~~~~~~~
../Core/Src/main.c:119:3: note: previous implicit declaration of 'LCD_init' was here
  119 |   LCD_init();
      |   ^~~~~~~~
../Core/Src/main.c:192:6: warning: conflicting types for 'LCD'
  192 | void LCD(uint8_t val_1, uint8_t cmd)
      |      ^~~
../Core/Src/main.c:154:4: note: previous implicit declaration of 'LCD' was here
  154 |    LCD(0x01, 0); /* cistimo ekran*/
      |    ^~~
arm-none-eabi-gcc -o "projekat.elf" @"objects.list"   -mcpu=cortex-m3 -T"C:\Users\Luka\Desktop\Projekat za ispit\projekat\STM32F103C6TX_FLASH.ld" --specs=nosys.specs -Wl,-Map="projekat.map" -Wl,--gc-sections -static --specs=nano.specs -mfloat-abi=soft -mthumb -Wl,--start-group -lc -lm -Wl,--end-group
Finished building target: projekat.elf
 
arm-none-eabi-size   projekat.elf 
arm-none-eabi-objdump -h -S  projekat.elf  > "projekat.list"
arm-none-eabi-objcopy  -O ihex  projekat.elf  "projekat.hex"
   text	   data	    bss	    dec	    hex	filename
  11780	    132	   1588	  13500	   34bc	projekat.elf
Finished building: default.size.stdout
 
Finished building: projekat.hex
 
Finished building: projekat.list
 
13:56:06 **** Incremental Build of configuration Debug for project LCDprimer2 ****
make -j12 all 
arm-none-eabi-size   LCDprimer2.elf 
   text	   data	    bss	    dec	    hex	filename
   6728	     20	   1620	   8368	   20b0	LCDprimer2.elf
Finished building: default.size.stdout
 
13:56:06 **** Incremental Build of configuration Debug for project projekat ****
make -j12 all 
arm-none-eabi-gcc "../Core/Src/main.c" -mcpu=cortex-m3 -std=gnu11 -g3 -DDEBUG -DUSE_HAL_DRIVER -DSTM32F103x6 -c -I../Core/Inc -I../Drivers/STM32F1xx_HAL_Driver/Inc/Legacy -I../Drivers/STM32F1xx_HAL_Driver/Inc -I../Drivers/CMSIS/Device/ST/STM32F1xx/Include -I../Drivers/CMSIS/Include -O0 -ffunction-sections -fdata-sections -Wall -fstack-usage -MMD -MP -MF"Core/Src/main.d" -MT"Core/Src/main.o" --specs=nano.specs -mfloat-abi=soft -mthumb -o "Core/Src/main.o"
../Core/Src/main.c: In function 'main':
../Core/Src/main.c:116:27: warning: missing braces around initializer [-Wmissing-braces]
  116 |   int matricaTaster[3][2]={1,2,3,4,5,6};
      |                           ^
      |                            {  }{  }{  }
../Core/Src/main.c:119:3: warning: implicit declaration of function 'LCD_init' [-Wimplicit-function-declaration]
  119 |   LCD_init();
      |   ^~~~~~~~
../Core/Src/main.c:129:12: warning: implicit declaration of function 'paljenjeNasumicneDiode' [-Wimplicit-function-declaration]
  129 |     int br=paljenjeNasumicneDiode();
      |            ^~~~~~~~~~~~~~~~~~~~~~
../Core/Src/main.c:154:4: warning: implicit declaration of function 'LCD' [-Wimplicit-function-declaration]
  154 |    LCD(0x01, 0); /* cistimo ekran*/
      |    ^~~
../Core/Src/main.c:156:6: warning: implicit declaration of function 'sprintf' [-Wimplicit-function-declaration]
  156 |      sprintf(buffer, "%d", poeni);
      |      ^~~~~~~
../Core/Src/main.c:156:6: warning: incompatible implicit declaration of built-in function 'sprintf'
../Core/Src/main.c:23:1: note: include '<stdio.h>' or provide a declaration of 'sprintf'
   22 | #include "string.h"
  +++ |+#include <stdio.h>
   23 | 
../Core/Src/main.c:157:6: error: 'i' undeclared (first use in this function)
  157 |      i=0;
      |      ^
../Core/Src/main.c:157:6: note: each undeclared identifier is reported only once for each function it appears in
../Core/Src/main.c: At top level:
../Core/Src/main.c:184:6: warning: conflicting types for 'LCD_init'
  184 | void LCD_init()
      |      ^~~~~~~~
../Core/Src/main.c:119:3: note: previous implicit declaration of 'LCD_init' was here
  119 |   LCD_init();
      |   ^~~~~~~~
../Core/Src/main.c:193:6: warning: conflicting types for 'LCD'
  193 | void LCD(uint8_t val_1, uint8_t cmd)
      |      ^~~
../Core/Src/main.c:154:4: note: previous implicit declaration of 'LCD' was here
  154 |    LCD(0x01, 0); /* cistimo ekran*/
      |    ^~~
make: *** [Core/Src/subdir.mk:34: Core/Src/main.o] Error 1
"make -j12 all" terminated with exit code 2. Build might be incomplete.
13:56:37 **** Incremental Build of configuration Debug for project LCDprimer2 ****
make -j12 all 
arm-none-eabi-size   LCDprimer2.elf 
   text	   data	    bss	    dec	    hex	filename
   6728	     20	   1620	   8368	   20b0	LCDprimer2.elf
Finished building: default.size.stdout
 
13:56:37 **** Incremental Build of configuration Debug for project projekat ****
make -j12 all 
arm-none-eabi-gcc "../Core/Src/main.c" -mcpu=cortex-m3 -std=gnu11 -g3 -DDEBUG -DUSE_HAL_DRIVER -DSTM32F103x6 -c -I../Core/Inc -I../Drivers/STM32F1xx_HAL_Driver/Inc/Legacy -I../Drivers/STM32F1xx_HAL_Driver/Inc -I../Drivers/CMSIS/Device/ST/STM32F1xx/Include -I../Drivers/CMSIS/Include -O0 -ffunction-sections -fdata-sections -Wall -fstack-usage -MMD -MP -MF"Core/Src/main.d" -MT"Core/Src/main.o" --specs=nano.specs -mfloat-abi=soft -mthumb -o "Core/Src/main.o"
../Core/Src/main.c: In function 'main':
../Core/Src/main.c:116:27: warning: missing braces around initializer [-Wmissing-braces]
  116 |   int matricaTaster[3][2]={1,2,3,4,5,6};
      |                           ^
      |                            {  }{  }{  }
../Core/Src/main.c:119:3: warning: implicit declaration of function 'LCD_init' [-Wimplicit-function-declaration]
  119 |   LCD_init();
      |   ^~~~~~~~
../Core/Src/main.c:129:12: warning: implicit declaration of function 'paljenjeNasumicneDiode' [-Wimplicit-function-declaration]
  129 |     int br=paljenjeNasumicneDiode();
      |            ^~~~~~~~~~~~~~~~~~~~~~
../Core/Src/main.c:154:4: warning: implicit declaration of function 'LCD' [-Wimplicit-function-declaration]
  154 |    LCD(0x01, 0); /* cistimo ekran*/
      |    ^~~
../Core/Src/main.c:156:6: warning: implicit declaration of function 'sprintf' [-Wimplicit-function-declaration]
  156 |      sprintf(buffer, "%d", poeni);
      |      ^~~~~~~
../Core/Src/main.c:156:6: warning: incompatible implicit declaration of built-in function 'sprintf'
../Core/Src/main.c:23:1: note: include '<stdio.h>' or provide a declaration of 'sprintf'
   22 | #include "string.h"
  +++ |+#include <stdio.h>
   23 | 
../Core/Src/main.c: At top level:
../Core/Src/main.c:182:6: warning: conflicting types for 'LCD_init'
  182 | void LCD_init()
      |      ^~~~~~~~
../Core/Src/main.c:119:3: note: previous implicit declaration of 'LCD_init' was here
  119 |   LCD_init();
      |   ^~~~~~~~
../Core/Src/main.c:191:6: warning: conflicting types for 'LCD'
  191 | void LCD(uint8_t val_1, uint8_t cmd)
      |      ^~~
../Core/Src/main.c:154:4: note: previous implicit declaration of 'LCD' was here
  154 |    LCD(0x01, 0); /* cistimo ekran*/
      |    ^~~
arm-none-eabi-gcc -o "projekat.elf" @"objects.list"   -mcpu=cortex-m3 -T"C:\Users\Luka\Desktop\Projekat za ispit\projekat\STM32F103C6TX_FLASH.ld" --specs=nosys.specs -Wl,-Map="projekat.map" -Wl,--gc-sections -static --specs=nano.specs -mfloat-abi=soft -mthumb -Wl,--start-group -lc -lm -Wl,--end-group
Finished building target: projekat.elf
 
arm-none-eabi-size   projekat.elf 
arm-none-eabi-objdump -h -S  projekat.elf  > "projekat.list"
arm-none-eabi-objcopy  -O ihex  projekat.elf  "projekat.hex"
   text	   data	    bss	    dec	    hex	filename
  11772	    132	   1588	  13492	   34b4	projekat.elf
Finished building: default.size.stdout
 
Finished building: projekat.hex
 
Finished building: projekat.list
 
